Archive member included to satisfy reference by file (symbol)

/usr/local/Caskroom/gcc-arm-embedded/7-2018-q2-update/gcc-arm-none-eabi-7-2018-q2-update/bin/../lib/gcc/arm-none-eabi/7.3.1/../../../../arm-none-eabi/lib/thumb/v7e-m/libstdc++_nano.a(atexit_arm.o)
                              CMakeFiles/robot-stm32f401.elf.dir/Src/comm/usb/usb_host.cpp.obj (__aeabi_atexit)
/usr/local/Caskroom/gcc-arm-embedded/7-2018-q2-update/gcc-arm-none-eabi-7-2018-q2-update/bin/../lib/gcc/arm-none-eabi/7.3.1/../../../../arm-none-eabi/lib/thumb/v7e-m/libstdc++_nano.a(class_type_info.o)
                              CMakeFiles/robot-stm32f401.elf.dir/Src/comm/Telemetry.cpp.obj (vtable for __cxxabiv1::__class_type_info)
/usr/local/Caskroom/gcc-arm-embedded/7-2018-q2-update/gcc-arm-none-eabi-7-2018-q2-update/bin/../lib/gcc/arm-none-eabi/7.3.1/../../../../arm-none-eabi/lib/thumb/v7e-m/libstdc++_nano.a(del_op.o)
                              CMakeFiles/robot-stm32f401.elf.dir/Src/main.cpp.obj (operator delete(void*))
/usr/local/Caskroom/gcc-arm-embedded/7-2018-q2-update/gcc-arm-none-eabi-7-2018-q2-update/bin/../lib/gcc/arm-none-eabi/7.3.1/../../../../arm-none-eabi/lib/thumb/v7e-m/libstdc++_nano.a(del_ops.o)
                              /usr/local/Caskroom/gcc-arm-embedded/7-2018-q2-update/gcc-arm-none-eabi-7-2018-q2-update/bin/../lib/gcc/arm-none-eabi/7.3.1/../../../../arm-none-eabi/lib/thumb/v7e-m/libstdc++_nano.a(class_type_info.o) (operator delete(void*, unsigned int))
/usr/local/Caskroom/gcc-arm-embedded/7-2018-q2-update/gcc-arm-none-eabi-7-2018-q2-update/bin/../lib/gcc/arm-none-eabi/7.3.1/../../../../arm-none-eabi/lib/thumb/v7e-m/libstdc++_nano.a(eh_arm.o)
                              CMakeFiles/robot-stm32f401.elf.dir/Src/comm/Telemetry.cpp.obj (__cxa_end_cleanup)
/usr/local/Caskroom/gcc-arm-embedded/7-2018-q2-update/gcc-arm-none-eabi-7-2018-q2-update/bin/../lib/gcc/arm-none-eabi/7.3.1/../../../../arm-none-eabi/lib/thumb/v7e-m/libstdc++_nano.a(eh_catch.o)
                              CMakeFiles/robot-stm32f401.elf.dir/Src/sensing/Hokuyo.cpp.obj (__cxa_begin_catch)
/usr/local/Caskroom/gcc-arm-embedded/7-2018-q2-update/gcc-arm-none-eabi-7-2018-q2-update/bin/../lib/gcc/arm-none-eabi/7.3.1/../../../../arm-none-eabi/lib/thumb/v7e-m/libstdc++_nano.a(eh_exception.o)
                              /usr/local/Caskroom/gcc-arm-embedded/7-2018-q2-update/gcc-arm-none-eabi-7-2018-q2-update/bin/../lib/gcc/arm-none-eabi/7.3.1/../../../../arm-none-eabi/lib/thumb/v7e-m/libstdc++_nano.a(eh_arm.o) (typeinfo for __cxxabiv1::__forced_unwind)
/usr/local/Caskroom/gcc-arm-embedded/7-2018-q2-update/gcc-arm-none-eabi-7-2018-q2-update/bin/../lib/gcc/arm-none-eabi/7.3.1/../../../../arm-none-eabi/lib/thumb/v7e-m/libstdc++_nano.a(eh_globals.o)
                              /usr/local/Caskroom/gcc-arm-embedded/7-2018-q2-update/gcc-arm-none-eabi-7-2018-q2-update/bin/../lib/gcc/arm-none-eabi/7.3.1/../../../../arm-none-eabi/lib/thumb/v7e-m/libstdc++_nano.a(eh_catch.o) (__cxa_get_globals_fast)
/usr/local/Caskroom/gcc-arm-embedded/7-2018-q2-update/gcc-arm-none-eabi-7-2018-q2-update/bin/../lib/gcc/arm-none-eabi/7.3.1/../../../../arm-none-eabi/lib/thumb/v7e-m/libstdc++_nano.a(eh_personality.o)
                              CMakeFiles/robot-stm32f401.elf.dir/Src/comm/Telemetry.cpp.obj (__gxx_personality_v0)
/usr/local/Caskroom/gcc-arm-embedded/7-2018-q2-update/gcc-arm-none-eabi-7-2018-q2-update/bin/../lib/gcc/arm-none-eabi/7.3.1/../../../../arm-none-eabi/lib/thumb/v7e-m/libstdc++_nano.a(eh_terminate.o)
                              /usr/local/Caskroom/gcc-arm-embedded/7-2018-q2-update/gcc-arm-none-eabi-7-2018-q2-update/bin/../lib/gcc/arm-none-eabi/7.3.1/../../../../arm-none-eabi/lib/thumb/v7e-m/libstdc++_nano.a(eh_arm.o) (std::terminate())
/usr/local/Caskroom/gcc-arm-embedded/7-2018-q2-update/gcc-arm-none-eabi-7-2018-q2-update/bin/../lib/gcc/arm-none-eabi/7.3.1/../../../../arm-none-eabi/lib/thumb/v7e-m/libstdc++_nano.a(eh_throw.o)
                              CMakeFiles/robot-stm32f401.elf.dir/Src/sensing/Hokuyo.cpp.obj (__cxa_rethrow)
/usr/local/Caskroom/gcc-arm-embedded/7-2018-q2-update/gcc-arm-none-eabi-7-2018-q2-update/bin/../lib/gcc/arm-none-eabi/7.3.1/../../../../arm-none-eabi/lib/thumb/v7e-m/libstdc++_nano.a(eh_unex_handler.o)
                              /usr/local/Caskroom/gcc-arm-embedded/7-2018-q2-update/gcc-arm-none-eabi-7-2018-q2-update/bin/../lib/gcc/arm-none-eabi/7.3.1/../../../../arm-none-eabi/lib/thumb/v7e-m/libstdc++_nano.a(eh_terminate.o) (__cxxabiv1::__unexpected_handler)
/usr/local/Caskroom/gcc-arm-embedded/7-2018-q2-update/gcc-arm-none-eabi-7-2018-q2-update/bin/../lib/gcc/arm-none-eabi/7.3.1/../../../../arm-none-eabi/lib/thumb/v7e-m/libstdc++_nano.a(new_op.o)
                              CMakeFiles/robot-stm32f401.elf.dir/Src/main.cpp.obj (operator new(unsigned int))
[...]
Memory Configuration

Name             Origin             Length             Attributes
RAM              0x0000000020000000 0x0000000000010000 xrw
FLASH            0x0000000008000000 0x0000000000040000 xr
*default*        0x0000000000000000 0xffffffffffffffff

Linker script and memory map

LOAD /usr/local/Caskroom/gcc-arm-embedded/7-2018-q2-update/gcc-arm-none-eabi-7-2018-q2-update/bin/../lib/gcc/arm-none-eabi/7.3.1/thumb/v7e-m/crti.o
LOAD /usr/local/Caskroom/gcc-arm-embedded/7-2018-q2-update/gcc-arm-none-eabi-7-2018-q2-update/bin/../lib/gcc/arm-none-eabi/7.3.1/thumb/v7e-m/crtbegin.o
LOAD /usr/local/Caskroom/gcc-arm-embedded/7-2018-q2-update/gcc-arm-none-eabi-7-2018-q2-update/bin/../lib/gcc/arm-none-eabi/7.3.1/../../../../arm-none-eabi/lib/thumb/v7e-m/crt0.o
LOAD CMakeFiles/robot-stm32f401.elf.dir/Drivers/STM32F4xx_HAL_Driver/Src/stm32f4xx_hal.c.obj
LOAD CMakeFiles/robot-stm32f401.elf.dir/Drivers/STM32F4xx_HAL_Driver/Src/stm32f4xx_hal_adc.c.obj
LOAD CMakeFiles/robot-stm32f401.elf.dir/Drivers/STM32F4xx_HAL_Driver/Src/stm32f4xx_hal_adc_ex.c.obj
LOAD CMakeFiles/robot-stm32f401.elf.dir/Drivers/STM32F4xx_HAL_Driver/Src/stm32f4xx_hal_cortex.c.obj
LOAD CMakeFiles/robot-stm32f401.elf.dir/Drivers/STM32F4xx_HAL_Driver/Src/stm32f4xx_hal_crc.c.obj
LOAD CMakeFiles/robot-stm32f401.elf.dir/Drivers/STM32F4xx_HAL_Driver/Src/stm32f4xx_hal_dma.c.obj
LOAD CMakeFiles/robot-stm32f401.elf.dir/Drivers/STM32F4xx_HAL_Driver/Src/stm32f4xx_hal_dma_ex.c.obj
LOAD CMakeFiles/robot-stm32f401.elf.dir/Drivers/STM32F4xx_HAL_Driver/Src/stm32f4xx_hal_flash.c.obj
LOAD CMakeFiles/robot-stm32f401.elf.dir/Drivers/STM32F4xx_HAL_Driver/Src/stm32f4xx_hal_flash_ex.c.obj
LOAD CMakeFiles/robot-stm32f401.elf.dir/Drivers/STM32F4xx_HAL_Driver/Src/stm32f4xx_hal_flash_ramfunc.c.obj
LOAD CMakeFiles/robot-stm32f401.elf.dir/Drivers/STM32F4xx_HAL_Driver/Src/stm32f4xx_hal_gpio.c.obj
LOAD CMakeFiles/robot-stm32f401.elf.dir/Drivers/STM32F4xx_HAL_Driver/Src/stm32f4xx_hal_hcd.c.obj
LOAD CMakeFiles/robot-stm32f401.elf.dir/Drivers/STM32F4xx_HAL_Driver/Src/stm32f4xx_hal_pwr.c.obj
LOAD CMakeFiles/robot-stm32f401.elf.dir/Drivers/STM32F4xx_HAL_Driver/Src/stm32f4xx_hal_pwr_ex.c.obj
LOAD CMakeFiles/robot-stm32f401.elf.dir/Drivers/STM32F4xx_HAL_Driver/Src/stm32f4xx_hal_rcc.c.obj
LOAD CMakeFiles/robot-stm32f401.elf.dir/Drivers/STM32F4xx_HAL_Driver/Src/stm32f4xx_hal_rcc_ex.c.obj
LOAD CMakeFiles/robot-stm32f401.elf.dir/Drivers/STM32F4xx_HAL_Driver/Src/stm32f4xx_hal_spi.c.obj
LOAD CMakeFiles/robot-stm32f401.elf.dir/Drivers/STM32F4xx_HAL_Driver/Src/stm32f4xx_hal_tim.c.obj
LOAD CMakeFiles/robot-stm32f401.elf.dir/Drivers/STM32F4xx_HAL_Driver/Src/stm32f4xx_hal_tim_ex.c.obj
LOAD CMakeFiles/robot-stm32f401.elf.dir/Drivers/STM32F4xx_HAL_Driver/Src/stm32f4xx_hal_uart.c.obj
LOAD CMakeFiles/robot-stm32f401.elf.dir/Drivers/STM32F4xx_HAL_Driver/Src/stm32f4xx_ll_usb.c.obj
LOAD CMakeFiles/robot-stm32f401.elf.dir/Middlewares/ST/STM32_USB_Host_Library/Class/CDC/Src/usbh_cdc.c.obj
LOAD CMakeFiles/robot-stm32f401.elf.dir/Middlewares/ST/STM32_USB_Host_Library/Core/Src/usbh_core.c.obj
LOAD CMakeFiles/robot-stm32f401.elf.dir/Middlewares/ST/STM32_USB_Host_Library/Core/Src/usbh_ctlreq.c.obj
LOAD CMakeFiles/robot-stm32f401.elf.dir/Middlewares/ST/STM32_USB_Host_Library/Core/Src/usbh_ioreq.c.obj
LOAD CMakeFiles/robot-stm32f401.elf.dir/Middlewares/ST/STM32_USB_Host_Library/Core/Src/usbh_pipes.c.obj
LOAD CMakeFiles/robot-stm32f401.elf.dir/Src/comm/Telemetry.cpp.obj
LOAD CMakeFiles/robot-stm32f401.elf.dir/Src/comm/usb/usb_host.cpp.obj
LOAD CMakeFiles/robot-stm32f401.elf.dir/Src/comm/usb/usbh_conf.cpp.obj
LOAD CMakeFiles/robot-stm32f401.elf.dir/Src/comm/usb/usbh_platform.cpp.obj
LOAD CMakeFiles/robot-stm32f401.elf.dir/Src/hal2/ChecksumCalculator.cpp.obj
LOAD CMakeFiles/robot-stm32f401.elf.dir/Src/hal2/SerialCommunications.cpp.obj
LOAD CMakeFiles/robot-stm32f401.elf.dir/Src/main.cpp.obj
LOAD CMakeFiles/robot-stm32f401.elf.dir/Src/motion/Motor.cpp.obj
LOAD CMakeFiles/robot-stm32f401.elf.dir/Src/motion/PathPlanner.cpp.obj
LOAD CMakeFiles/robot-stm32f401.elf.dir/Src/sensing/Hokuyo.cpp.obj
LOAD CMakeFiles/robot-stm32f401.elf.dir/Src/sensing/MaxbotixRangefinder.cpp.obj
LOAD CMakeFiles/robot-stm32f401.elf.dir/Src/sensing/Proximity.cpp.obj
LOAD CMakeFiles/robot-stm32f401.elf.dir/Src/sensing/SharpRangefinder.cpp.obj
LOAD CMakeFiles/robot-stm32f401.elf.dir/Src/sensing/bno055.cpp.obj
LOAD CMakeFiles/robot-stm32f401.elf.dir/Src/stm32f4xx_hal_msp.cpp.obj
LOAD CMakeFiles/robot-stm32f401.elf.dir/Src/stm32f4xx_it.cpp.obj
LOAD CMakeFiles/robot-stm32f401.elf.dir/Src/system_stm32f4xx.cpp.obj
LOAD CMakeFiles/robot-stm32f401.elf.dir/startup/startup_stm32f401xc.s.obj
LOAD /usr/local/Caskroom/gcc-arm-embedded/7-2018-q2-update/gcc-arm-none-eabi-7-2018-q2-update/bin/../lib/gcc/arm-none-eabi/7.3.1/../../../../arm-none-eabi/lib/thumb/v7e-m/libstdc++_nano.a
LOAD /usr/local/Caskroom/gcc-arm-embedded/7-2018-q2-update/gcc-arm-none-eabi-7-2018-q2-update/bin/../lib/gcc/arm-none-eabi/7.3.1/../../../../arm-none-eabi/lib/thumb/v7e-m/libm.a
START GROUP
LOAD /usr/local/Caskroom/gcc-arm-embedded/7-2018-q2-update/gcc-arm-none-eabi-7-2018-q2-update/bin/../lib/gcc/arm-none-eabi/7.3.1/thumb/v7e-m/libgcc.a
LOAD /usr/local/Caskroom/gcc-arm-embedded/7-2018-q2-update/gcc-arm-none-eabi-7-2018-q2-update/bin/../lib/gcc/arm-none-eabi/7.3.1/../../../../arm-none-eabi/lib/thumb/v7e-m/libg_nano.a
LOAD /usr/local/Caskroom/gcc-arm-embedded/7-2018-q2-update/gcc-arm-none-eabi-7-2018-q2-update/bin/../lib/gcc/arm-none-eabi/7.3.1/../../../../arm-none-eabi/lib/thumb/v7e-m/libc_nano.a
END GROUP
START GROUP
LOAD /usr/local/Caskroom/gcc-arm-embedded/7-2018-q2-update/gcc-arm-none-eabi-7-2018-q2-update/bin/../lib/gcc/arm-none-eabi/7.3.1/thumb/v7e-m/libgcc.a
LOAD /usr/local/Caskroom/gcc-arm-embedded/7-2018-q2-update/gcc-arm-none-eabi-7-2018-q2-update/bin/../lib/gcc/arm-none-eabi/7.3.1/../../../../arm-none-eabi/lib/thumb/v7e-m/libc_nano.a
LOAD /usr/local/Caskroom/gcc-arm-embedded/7-2018-q2-update/gcc-arm-none-eabi-7-2018-q2-update/bin/../lib/gcc/arm-none-eabi/7.3.1/../../../../arm-none-eabi/lib/thumb/v7e-m/libnosys.a
END GROUP
START GROUP
LOAD /usr/local/Caskroom/gcc-arm-embedded/7-2018-q2-update/gcc-arm-none-eabi-7-2018-q2-update/bin/../lib/gcc/arm-none-eabi/7.3.1/thumb/v7e-m/libgcc.a
LOAD /usr/local/Caskroom/gcc-arm-embedded/7-2018-q2-update/gcc-arm-none-eabi-7-2018-q2-update/bin/../lib/gcc/arm-none-eabi/7.3.1/../../../../arm-none-eabi/lib/thumb/v7e-m/libc_nano.a
LOAD /usr/local/Caskroom/gcc-arm-embedded/7-2018-q2-update/gcc-arm-none-eabi-7-2018-q2-update/bin/../lib/gcc/arm-none-eabi/7.3.1/../../../../arm-none-eabi/lib/thumb/v7e-m/libnosys.a
END GROUP
LOAD /usr/local/Caskroom/gcc-arm-embedded/7-2018-q2-update/gcc-arm-none-eabi-7-2018-q2-update/bin/../lib/gcc/arm-none-eabi/7.3.1/thumb/v7e-m/crtend.o
LOAD /usr/local/Caskroom/gcc-arm-embedded/7-2018-q2-update/gcc-arm-none-eabi-7-2018-q2-update/bin/../lib/gcc/arm-none-eabi/7.3.1/thumb/v7e-m/crtn.o
                0x0000000020010000                _estack = 0x20010000
                0x0000000000000200                _Min_Heap_Size = 0x200
                0x0000000000000400                _Min_Stack_Size = 0x400

.isr_vector     0x0000000008000000      0x194
                0x0000000008000000                . = ALIGN (0x4)
 *(.isr_vector)
 .isr_vector    0x0000000008000000      0x194 CMakeFiles/robot-stm32f401.elf.dir/startup/startup_stm32f401xc.s.obj
                0x0000000008000000                g_pfnVectors
                0x0000000008000194                . = ALIGN (0x4)

.text           0x00000000080001a0    0x13604
                0x00000000080001a0                . = ALIGN (0x4)
 *(.text)
 .text          0x00000000080001a0       0x40 /usr/local/Caskroom/gcc-arm-embedded/7-2018-q2-update/gcc-arm-none-eabi-7-2018-q2-update/bin/../lib/gcc/arm-none-eabi/7.3.1/thumb/v7e-m/crtbegin.o
 .text          0x00000000080001e0      0x378 /usr/local/Caskroom/gcc-arm-embedded/7-2018-q2-update/gcc-arm-none-eabi-7-2018-q2-update/bin/../lib/gcc/arm-none-eabi/7.3.1/thumb/v7e-m/libgcc.a(_arm_addsubdf3.o)
                0x00000000080001e0                __aeabi_drsub
                0x00000000080001e8                __subdf3
                0x00000000080001e8                __aeabi_dsub
                0x00000000080001ec                __aeabi_dadd
                0x00000000080001ec                __adddf3
                0x0000000008000464                __aeabi_ui2d
                0x0000000008000464                __floatunsidf
                0x0000000008000484                __floatsidf
                0x0000000008000484                __aeabi_i2d
                0x00000000080004a8                __extendsfdf2
                0x00000000080004a8                __aeabi_f2d
                0x00000000080004ec                __aeabi_ul2d
                0x00000000080004ec                __floatundidf
                0x00000000080004fc                __aeabi_l2d
                0x00000000080004fc                __floatdidf
 .text          0x0000000008000558      0x424 /usr/local/Caskroom/gcc-arm-embedded/7-2018-q2-update/gcc-arm-none-eabi-7-2018-q2-update/bin/../lib/gcc/arm-none-eabi/7.3.1/thumb/v7e-m/libgcc.a(_arm_muldivdf3.o)
                0x0000000008000558                __aeabi_dmul
                0x0000000008000558                __muldf3
                0x00000000080007ac                __aeabi_ddiv
                0x00000000080007ac                __divdf3
 .text          0x000000000800097c       0xa0 /usr/local/Caskroom/gcc-arm-embedded/7-2018-q2-update/gcc-arm-none-eabi-7-2018-q2-update/bin/../lib/gcc/arm-none-eabi/7.3.1/thumb/v7e-m/libgcc.a(_arm_truncdfsf2.o)
                0x000000000800097c                __aeabi_d2f
                0x000000000800097c                __truncdfsf2
 .text          0x0000000008000a1c      0x21c /usr/local/Caskroom/gcc-arm-embedded/7-2018-q2-update/gcc-arm-none-eabi-7-2018-q2-update/bin/../lib/gcc/arm-none-eabi/7.3.1/thumb/v7e-m/libgcc.a(_arm_addsubsf3.o)
                0x0000000008000a1c                __aeabi_frsub
                0x0000000008000a24                __aeabi_fsub
                0x0000000008000a24                __subsf3
                0x0000000008000a28                __aeabi_fadd
                0x0000000008000a28                __addsf3
                0x0000000008000b88                __aeabi_ui2f
                0x0000000008000b88                __floatunsisf
                0x0000000008000b90                __floatsisf
                0x0000000008000b90                __aeabi_i2f
                0x0000000008000bac                __aeabi_ul2f
                0x0000000008000bac                __floatundisf
                0x0000000008000bbc                __aeabi_l2f
                0x0000000008000bbc                __floatdisf
 .text          0x0000000008000c38      0x2a0 /usr/local/Caskroom/gcc-arm-embedded/7-2018-q2-update/gcc-arm-none-eabi-7-2018-q2-update/bin/../lib/gcc/arm-none-eabi/7.3.1/thumb/v7e-m/libgcc.a(_arm_muldivsf3.o)
                0x0000000008000c38                __mulsf3
                0x0000000008000c38                __aeabi_fmul
                0x0000000008000da0                __divsf3
                0x0000000008000da0                __aeabi_fdiv
 .text          0x0000000008000ed8       0x4c /usr/local/Caskroom/gcc-arm-embedded/7-2018-q2-update/gcc-arm-none-eabi-7-2018-q2-update/bin/../lib/gcc/arm-none-eabi/7.3.1/thumb/v7e-m/libgcc.a(_arm_fixsfsi.o)
                0x0000000008000ed8                __fixsfsi
                0x0000000008000ed8                __aeabi_f2iz
 .text          0x0000000008000f24       0x40 /usr/local/Caskroom/gcc-arm-embedded/7-2018-q2-update/gcc-arm-none-eabi-7-2018-q2-update/bin/../lib/gcc/arm-none-eabi/7.3.1/thumb/v7e-m/libgcc.a(_arm_fixunssfsi.o)
                0x0000000008000f24                __aeabi_f2uiz
                0x0000000008000f24                __fixunssfsi
 .text          0x0000000008000f64       0x30 /usr/local/Caskroom/gcc-arm-embedded/7-2018-q2-update/gcc-arm-none-eabi-7-2018-q2-update/bin/../lib/gcc/arm-none-eabi/7.3.1/thumb/v7e-m/libgcc.a(_aeabi_uldivmod.o)
                0x0000000008000f64                __aeabi_uldivmod
 .text          0x0000000008000f94      0x2cc /usr/local/Caskroom/gcc-arm-embedded/7-2018-q2-update/gcc-arm-none-eabi-7-2018-q2-update/bin/../lib/gcc/arm-none-eabi/7.3.1/thumb/v7e-m/libgcc.a(_udivmoddi4.o)
                0x0000000008000f94                __udivmoddi4
 .text          0x0000000008001260      0x9ec /usr/local/Caskroom/gcc-arm-embedded/7-2018-q2-update/gcc-arm-none-eabi-7-2018-q2-update/bin/../lib/gcc/arm-none-eabi/7.3.1/thumb/v7e-m/libgcc.a(unwind-arm.o)
                0x0000000008001514                _Unwind_GetCFA
                0x0000000008001518                __gnu_Unwind_RaiseException
                0x0000000008001578                __gnu_Unwind_ForcedUnwind
                0x000000000800158c                __gnu_Unwind_Resume
                0x00000000080015d0                __gnu_Unwind_Resume_or_Rethrow
                0x00000000080015e0                _Unwind_Complete
                0x00000000080015e4                _Unwind_DeleteException
                0x00000000080015f0                _Unwind_VRS_Get
                0x0000000008001634                _Unwind_VRS_Set
                0x000000000800167c                __gnu_Unwind_Backtrace
                0x00000000080019c0                __aeabi_unwind_cpp_pr0
                0x00000000080019c4                __aeabi_unwind_cpp_pr1
                0x00000000080019c8                __aeabi_unwind_cpp_pr2
                0x00000000080019cc                _Unwind_VRS_Pop
 .text          0x0000000008001c4c      0x1ac /usr/local/Caskroom/gcc-arm-embedded/7-2018-q2-update/gcc-arm-none-eabi-7-2018-q2-update/bin/../lib/gcc/arm-none-eabi/7.3.1/thumb/v7e-m/libgcc.a(libunwind.o)
                0x0000000008001c4c                __restore_core_regs
                0x0000000008001c4c                restore_core_regs
                0x0000000008001c64                __gnu_Unwind_Restore_VFP
                0x0000000008001c6c                __gnu_Unwind_Save_VFP
                0x0000000008001c74                __gnu_Unwind_Restore_VFP_D
                0x0000000008001c7c                __gnu_Unwind_Save_VFP_D
                0x0000000008001c84                __gnu_Unwind_Restore_VFP_D_16_to_31
                0x0000000008001c8c                __gnu_Unwind_Save_VFP_D_16_to_31
                0x0000000008001c94                __gnu_Unwind_Restore_WMMXD
                0x0000000008001cd8                __gnu_Unwind_Save_WMMXD
                0x0000000008001d1c                __gnu_Unwind_Restore_WMMXC
                0x0000000008001d30                __gnu_Unwind_Save_WMMXC
                0x0000000008001d44                _Unwind_RaiseException
                0x0000000008001d44                ___Unwind_RaiseException
                0x0000000008001d68                ___Unwind_Resume
                0x0000000008001d68                _Unwind_Resume
                0x0000000008001d8c                ___Unwind_Resume_or_Rethrow
                0x0000000008001d8c                _Unwind_Resume_or_Rethrow
                0x0000000008001db0                _Unwind_ForcedUnwind
                0x0000000008001db0                ___Unwind_ForcedUnwind
                0x0000000008001dd4                _Unwind_Backtrace
                0x0000000008001dd4                ___Unwind_Backtrace
 .text          0x0000000008001df8      0x374 /usr/local/Caskroom/gcc-arm-embedded/7-2018-q2-update/gcc-arm-none-eabi-7-2018-q2-update/bin/../lib/gcc/arm-none-eabi/7.3.1/thumb/v7e-m/libgcc.a(pr-support.o)
                0x0000000008001e50                __gnu_unwind_execute
                0x0000000008002114                __gnu_unwind_frame
                0x000000000800213c                _Unwind_GetRegionStart
                0x0000000008002148                _Unwind_GetLanguageSpecificData
                0x000000000800215c                _Unwind_GetDataRelBase
                0x0000000008002164                _Unwind_GetTextRelBase
 .text          0x000000000800216c        0x4 /usr/local/Caskroom/gcc-arm-embedded/7-2018-q2-update/gcc-arm-none-eabi-7-2018-q2-update/bin/../lib/gcc/arm-none-eabi/7.3.1/thumb/v7e-m/libgcc.a(_dvmd_tls.o)
                0x000000000800216c                __aeabi_ldiv0
                0x000000000800216c                __aeabi_idiv0
 .text          0x0000000008002170       0xa0 /usr/local/Caskroom/gcc-arm-embedded/7-2018-q2-update/gcc-arm-none-eabi-7-2018-q2-update/bin/../lib/gcc/arm-none-eabi/7.3.1/../../../../arm-none-eabi/lib/thumb/v7e-m/libg_nano.a(lib_a-memchr.o)
                0x0000000008002170                memchr
 .text          0x0000000008002210       0x14 /usr/local/Caskroom/gcc-arm-embedded/7-2018-q2-update/gcc-arm-none-eabi-7-2018-q2-update/bin/../lib/gcc/arm-none-eabi/7.3.1/../../../../arm-none-eabi/lib/thumb/v7e-m/libg_nano.a(lib_a-strcmp.o)
                0x0000000008002210                strcmp
 .text          0x0000000008002224       0x10 /usr/local/Caskroom/gcc-arm-embedded/7-2018-q2-update/gcc-arm-none-eabi-7-2018-q2-update/bin/../lib/gcc/arm-none-eabi/7.3.1/../../../../arm-none-eabi/lib/thumb/v7e-m/libg_nano.a(lib_a-strlen.o)
                0x0000000008002224                strlen
 .text          0x0000000008002234      0x110 /usr/local/Caskroom/gcc-arm-embedded/7-2018-q2-update/gcc-arm-none-eabi-7-2018-q2-update/bin/../lib/gcc/arm-none-eabi/7.3.1/thumb/v7e-m/libgcc.a(_arm_cmpdf2.o)
                0x0000000008002234                __gedf2
                0x0000000008002234                __gtdf2
                0x000000000800223c                __ledf2
                0x000000000800223c                __ltdf2
                0x0000000008002244                __cmpdf2
                0x0000000008002244                __eqdf2
                0x0000000008002244                __nedf2
                0x00000000080022c0                __aeabi_cdrcmple
                0x00000000080022d0                __aeabi_cdcmple
                0x00000000080022d0                __aeabi_cdcmpeq
                0x00000000080022e0                __aeabi_dcmpeq
                0x00000000080022f4                __aeabi_dcmplt
                0x0000000008002308                __aeabi_dcmple
                0x000000000800231c                __aeabi_dcmpge
                0x0000000008002330                __aeabi_dcmpgt
 .text          0x0000000008002344       0x2c /usr/local/Caskroom/gcc-arm-embedded/7-2018-q2-update/gcc-arm-none-eabi-7-2018-q2-update/bin/../lib/gcc/arm-none-eabi/7.3.1/thumb/v7e-m/libgcc.a(_arm_unorddf2.o)
                0x0000000008002344                __aeabi_dcmpun
                0x0000000008002344                __unorddf2
 .text          0x0000000008002370       0x50 /usr/local/Caskroom/gcc-arm-embedded/7-2018-q2-update/gcc-arm-none-eabi-7-2018-q2-update/bin/../lib/gcc/arm-none-eabi/7.3.1/thumb/v7e-m/libgcc.a(_arm_fixdfsi.o)
                0x0000000008002370                __fixdfsi
                0x0000000008002370                __aeabi_d2iz
 .text          0x00000000080023c0       0x40 /usr/local/Caskroom/gcc-arm-embedded/7-2018-q2-update/gcc-arm-none-eabi-7-2018-q2-update/bin/../lib/gcc/arm-none-eabi/7.3.1/thumb/v7e-m/libgcc.a(_arm_fixunsdfsi.o)
                0x00000000080023c0                __fixunsdfsi
                0x00000000080023c0                __aeabi_d2uiz
 .text          0x0000000008002400       0xec /usr/local/Caskroom/gcc-arm-embedded/7-2018-q2-update/gcc-arm-none-eabi-7-2018-q2-update/bin/../lib/gcc/arm-none-eabi/7.3.1/thumb/v7e-m/libgcc.a(_arm_cmpsf2.o)
                0x0000000008002400                __gesf2
                0x0000000008002400                __gtsf2
                0x0000000008002408                __ltsf2
                0x0000000008002408                __lesf2
                0x0000000008002410                __nesf2
                0x0000000008002410                __eqsf2
                0x0000000008002410                __cmpsf2
                0x0000000008002470                __aeabi_cfrcmple
                0x0000000008002478                __aeabi_cfcmpeq
                0x0000000008002478                __aeabi_cfcmple
                0x0000000008002488                __aeabi_fcmpeq
                0x000000000800249c                __aeabi_fcmplt
                0x00000000080024b0                __aeabi_fcmple
                0x00000000080024c4                __aeabi_fcmpge
                0x00000000080024d8                __aeabi_fcmpgt
 .text          0x00000000080024ec       0x2c /usr/local/Caskroom/gcc-arm-embedded/7-2018-q2-update/gcc-arm-none-eabi-7-2018-q2-update/bin/../lib/gcc/arm-none-eabi/7.3.1/thumb/v7e-m/libgcc.a(_arm_unordsf2.o)
                0x00000000080024ec                __aeabi_fcmpun
                0x00000000080024ec                __unordsf2
 *(.text*)
 .text.HAL_Init
                0x0000000008002518       0x44 CMakeFiles/robot-stm32f401.elf.dir/Drivers/STM32F4xx_HAL_Driver/Src/stm32f4xx_hal.c.obj
                0x0000000008002518                HAL_Init
 .text.HAL_InitTick
                0x000000000800255c       0x60 CMakeFiles/robot-stm32f401.elf.dir/Drivers/STM32F4xx_HAL_Driver/Src/stm32f4xx_hal.c.obj
                0x000000000800255c                HAL_InitTick
 .text.HAL_IncTick
                0x00000000080025bc       0x24 CMakeFiles/robot-stm32f401.elf.dir/Drivers/STM32F4xx_HAL_Driver/Src/stm32f4xx_hal.c.obj
                0x00000000080025bc                HAL_IncTick
 .text.HAL_GetTick
                0x00000000080025e0       0x14 CMakeFiles/robot-stm32f401.elf.dir/Drivers/STM32F4xx_HAL_Driver/Src/stm32f4xx_hal.c.obj
                0x00000000080025e0                HAL_GetTick
 .text.HAL_Delay
                0x00000000080025f4       0x44 CMakeFiles/robot-stm32f401.elf.dir/Drivers/STM32F4xx_HAL_Driver/Src/stm32f4xx_hal.c.obj
                0x00000000080025f4                HAL_Delay
 .text.HAL_ADC_Init
                0x0000000008002638       0x86 CMakeFiles/robot-stm32f401.elf.dir/Drivers/STM32F4xx_HAL_Driver/Src/stm32f4xx_hal_adc.c.obj
                0x0000000008002638                HAL_ADC_Init
 *fill*         0x00000000080026be        0x2 
 .text.HAL_ADC_ConfigChannel
                0x00000000080026c0      0x244 CMakeFiles/robot-stm32f401.elf.dir/Drivers/STM32F4xx_HAL_Driver/Src/stm32f4xx_hal_adc.c.obj
                0x00000000080026c0                HAL_ADC_ConfigChannel
 .text.ADC_Init
                0x0000000008002904      0x1f4 CMakeFiles/robot-stm32f401.elf.dir/Drivers/STM32F4xx_HAL_Driver/Src/stm32f4xx_hal_adc.c.obj
 .text.NVIC_SetPriorityGrouping
                0x0000000008002af8       0x48 CMakeFiles/robot-stm32f401.elf.dir/Drivers/STM32F4xx_HAL_Driver/Src/stm32f4xx_hal_cortex.c.obj
 .text.NVIC_GetPriorityGrouping
                0x0000000008002b40       0x1c CMakeFiles/robot-stm32f401.elf.dir/Drivers/STM32F4xx_HAL_Driver/Src/stm32f4xx_hal_cortex.c.obj
 .text.NVIC_EnableIRQ
                0x0000000008002b5c       0x30 CMakeFiles/robot-stm32f401.elf.dir/Drivers/STM32F4xx_HAL_Driver/Src/stm32f4xx_hal_cortex.c.obj
 .text.NVIC_SetPriority
                0x0000000008002b8c       0x54 CMakeFiles/robot-stm32f401.elf.dir/Drivers/STM32F4xx_HAL_Driver/Src/stm32f4xx_hal_cortex.c.obj
 .text.NVIC_EncodePriority
                0x0000000008002be0       0x64 CMakeFiles/robot-stm32f401.elf.dir/Drivers/STM32F4xx_HAL_Driver/Src/stm32f4xx_hal_cortex.c.obj
 .text.SysTick_Config
                0x0000000008002c44       0x44 CMakeFiles/robot-stm32f401.elf.dir/Drivers/STM32F4xx_HAL_Driver/Src/stm32f4xx_hal_cortex.c.obj
 .text.HAL_NVIC_SetPriorityGrouping
                0x0000000008002c88       0x16 CMakeFiles/robot-stm32f401.elf.dir/Drivers/STM32F4xx_HAL_Driver/Src/stm32f4xx_hal_cortex.c.obj
                0x0000000008002c88                HAL_NVIC_SetPriorityGrouping
 .text.HAL_NVIC_SetPriority
                0x0000000008002c9e       0x38 CMakeFiles/robot-stm32f401.elf.dir/Drivers/STM32F4xx_HAL_Driver/Src/stm32f4xx_hal_cortex.c.obj
                0x0000000008002c9e                HAL_NVIC_SetPriority
 .text.HAL_NVIC_EnableIRQ
                0x0000000008002cd6       0x1c CMakeFiles/robot-stm32f401.elf.dir/Drivers/STM32F4xx_HAL_Driver/Src/stm32f4xx_hal_cortex.c.obj
                0x0000000008002cd6                HAL_NVIC_EnableIRQ
 .text.HAL_SYSTICK_Config
                0x0000000008002cf2       0x18 CMakeFiles/robot-stm32f401.elf.dir/Drivers/STM32F4xx_HAL_Driver/Src/stm32f4xx_hal_cortex.c.obj
                0x0000000008002cf2                HAL_SYSTICK_Config
 *fill*         0x0000000008002d0a        0x2 
 .text.HAL_SYSTICK_CLKSourceConfig
                0x0000000008002d0c       0x38 CMakeFiles/robot-stm32f401.elf.dir/Drivers/STM32F4xx_HAL_Driver/Src/stm32f4xx_hal_cortex.c.obj
                0x0000000008002d0c                HAL_SYSTICK_CLKSourceConfig
 .text.HAL_SYSTICK_IRQHandler
                0x0000000008002d44        0xc CMakeFiles/robot-stm32f401.elf.dir/Drivers/STM32F4xx_HAL_Driver/Src/stm32f4xx_hal_cortex.c.obj
                0x0000000008002d44                HAL_SYSTICK_IRQHandler
 .text.HAL_SYSTICK_Callback
                0x0000000008002d50        0xc CMakeFiles/robot-stm32f401.elf.dir/Drivers/STM32F4xx_HAL_Driver/Src/stm32f4xx_hal_cortex.c.obj
                0x0000000008002d50                HAL_SYSTICK_Callback
 .text.HAL_CRC_Init
                0x0000000008002d5c       0x3e CMakeFiles/robot-stm32f401.elf.dir/Drivers/STM32F4xx_HAL_Driver/Src/stm32f4xx_hal_crc.c.obj
                0x0000000008002d5c                HAL_CRC_Init
 .text.HAL_CRC_MspInit
                0x0000000008002d9a       0x12 CMakeFiles/robot-stm32f401.elf.dir/Drivers/STM32F4xx_HAL_Driver/Src/stm32f4xx_hal_crc.c.obj
                0x0000000008002d9a                HAL_CRC_MspInit
 .text.HAL_DMA_Abort_IT
                0x0000000008002dac       0x42 CMakeFiles/robot-stm32f401.elf.dir/Drivers/STM32F4xx_HAL_Driver/Src/stm32f4xx_hal_dma.c.obj
                0x0000000008002dac                HAL_DMA_Abort_IT
 *fill*         0x0000000008002dee        0x2 
 .text.HAL_GPIO_Init
                0x0000000008002df0      0x304 CMakeFiles/robot-stm32f401.elf.dir/Drivers/STM32F4xx_HAL_Driver/Src/stm32f4xx_hal_gpio.c.obj
                0x0000000008002df0                HAL_GPIO_Init
 .text.HAL_GPIO_WritePin
                0x00000000080030f4       0x30 CMakeFiles/robot-stm32f401.elf.dir/Drivers/STM32F4xx_HAL_Driver/Src/stm32f4xx_hal_gpio.c.obj
                0x00000000080030f4                HAL_GPIO_WritePin
 .text.HAL_GPIO_TogglePin
                0x0000000008003124       0x22 CMakeFiles/robot-stm32f401.elf.dir/Drivers/STM32F4xx_HAL_Driver/Src/stm32f4xx_hal_gpio.c.obj
                0x0000000008003124                HAL_GPIO_TogglePin
 .text.HAL_HCD_Init
                0x0000000008003146       0x98 CMakeFiles/robot-stm32f401.elf.dir/Drivers/STM32F4xx_HAL_Driver/Src/stm32f4xx_hal_hcd.c.obj
                0x0000000008003146                HAL_HCD_Init
 .text.HAL_HCD_HC_Init
                0x00000000080031de      0x10e CMakeFiles/robot-stm32f401.elf.dir/Drivers/STM32F4xx_HAL_Driver/Src/stm32f4xx_hal_hcd.c.obj
                0x00000000080031de                HAL_HCD_HC_Init
 .text.HAL_HCD_HC_Halt
                0x00000000080032ec       0x46 CMakeFiles/robot-stm32f401.elf.dir/Drivers/STM32F4xx_HAL_Driver/Src/stm32f4xx_hal_hcd.c.obj
                0x00000000080032ec                HAL_HCD_HC_Halt
 *fill*         0x0000000008003332        0x2 
 .text.HAL_HCD_HC_SubmitRequest
                0x0000000008003334      0x324 CMakeFiles/robot-stm32f401.elf.dir/Drivers/STM32F4xx_HAL_Driver/Src/stm32f4xx_hal_hcd.c.obj
                0x0000000008003334                HAL_HCD_HC_SubmitRequest
 .text.HAL_HCD_IRQHandler
                0x0000000008003658      0x1fe CMakeFiles/robot-stm32f401.elf.dir/Drivers/STM32F4xx_HAL_Driver/Src/stm32f4xx_hal_hcd.c.obj
                0x0000000008003658                HAL_HCD_IRQHandler
 .text.HAL_HCD_Start
                0x0000000008003856       0x46 CMakeFiles/robot-stm32f401.elf.dir/Drivers/STM32F4xx_HAL_Driver/Src/stm32f4xx_hal_hcd.c.obj
                0x0000000008003856                HAL_HCD_Start
 .text.HAL_HCD_Stop
                0x000000000800389c       0x3a CMakeFiles/robot-stm32f401.elf.dir/Drivers/STM32F4xx_HAL_Driver/Src/stm32f4xx_hal_hcd.c.obj
                0x000000000800389c                HAL_HCD_Stop
 .text.HAL_HCD_ResetPort
                0x00000000080038d6       0x1c CMakeFiles/robot-stm32f401.elf.dir/Drivers/STM32F4xx_HAL_Driver/Src/stm32f4xx_hal_hcd.c.obj
                0x00000000080038d6                HAL_HCD_ResetPort
 .text.HAL_HCD_HC_GetURBState
                0x00000000080038f2       0x28 CMakeFiles/robot-stm32f401.elf.dir/Drivers/STM32F4xx_HAL_Driver/Src/stm32f4xx_hal_hcd.c.obj
                0x00000000080038f2                HAL_HCD_HC_GetURBState
 .text.HAL_HCD_HC_GetXferCount
                0x000000000800391a       0x28 CMakeFiles/robot-stm32f401.elf.dir/Drivers/STM32F4xx_HAL_Driver/Src/stm32f4xx_hal_hcd.c.obj
                0x000000000800391a                HAL_HCD_HC_GetXferCount
 .text.HAL_HCD_GetCurrentFrame
                0x0000000008003942       0x1c CMakeFiles/robot-stm32f401.elf.dir/Drivers/STM32F4xx_HAL_Driver/Src/stm32f4xx_hal_hcd.c.obj
                0x0000000008003942                HAL_HCD_GetCurrentFrame
 .text.HAL_HCD_GetCurrentSpeed
                0x000000000800395e       0x1c CMakeFiles/robot-stm32f401.elf.dir/Drivers/STM32F4xx_HAL_Driver/Src/stm32f4xx_hal_hcd.c.obj
                0x000000000800395e                HAL_HCD_GetCurrentSpeed
 .text.HCD_HC_IN_IRQHandler
                0x000000000800397a      0x66e CMakeFiles/robot-stm32f401.elf.dir/Drivers/STM32F4xx_HAL_Driver/Src/stm32f4xx_hal_hcd.c.obj
 .text.HCD_HC_OUT_IRQHandler
                0x0000000008003fe8      0x62e CMakeFiles/robot-stm32f401.elf.dir/Drivers/STM32F4xx_HAL_Driver/Src/stm32f4xx_hal_hcd.c.obj
 *fill*         0x0000000008004616        0x2 
 .text.HCD_RXQLVL_IRQHandler
                0x0000000008004618      0x164 CMakeFiles/robot-stm32f401.elf.dir/Drivers/STM32F4xx_HAL_Driver/Src/stm32f4xx_hal_hcd.c.obj
 .text.HCD_Port_IRQHandler
                0x000000000800477c      0x110 CMakeFiles/robot-stm32f401.elf.dir/Drivers/STM32F4xx_HAL_Driver/Src/stm32f4xx_hal_hcd.c.obj
 .text.HAL_RCC_OscConfig
                0x000000000800488c      0x484 CMakeFiles/robot-stm32f401.elf.dir/Drivers/STM32F4xx_HAL_Driver/Src/stm32f4xx_hal_rcc.c.obj
                0x000000000800488c                HAL_RCC_OscConfig
 .text.HAL_RCC_ClockConfig
                0x0000000008004d10      0x1c4 CMakeFiles/robot-stm32f401.elf.dir/Drivers/STM32F4xx_HAL_Driver/Src/stm32f4xx_hal_rcc.c.obj
                0x0000000008004d10                HAL_RCC_ClockConfig
 .text.HAL_RCC_GetSysClockFreq
                0x0000000008004ed4      0x1b0 CMakeFiles/robot-stm32f401.elf.dir/Drivers/STM32F4xx_HAL_Driver/Src/stm32f4xx_hal_rcc.c.obj
                0x0000000008004ed4                HAL_RCC_GetSysClockFreq
 .text.HAL_RCC_GetHCLKFreq
                0x0000000008005084       0x14 CMakeFiles/robot-stm32f401.elf.dir/Drivers/STM32F4xx_HAL_Driver/Src/stm32f4xx_hal_rcc.c.obj
                0x0000000008005084                HAL_RCC_GetHCLKFreq
 .text.HAL_RCC_GetPCLK1Freq
                0x0000000008005098       0x28 CMakeFiles/robot-stm32f401.elf.dir/Drivers/STM32F4xx_HAL_Driver/Src/stm32f4xx_hal_rcc.c.obj
                0x0000000008005098                HAL_RCC_GetPCLK1Freq
 .text.HAL_RCC_GetPCLK2Freq
                0x00000000080050c0       0x28 CMakeFiles/robot-stm32f401.elf.dir/Drivers/STM32F4xx_HAL_Driver/Src/stm32f4xx_hal_rcc.c.obj
                0x00000000080050c0                HAL_RCC_GetPCLK2Freq
 .text.HAL_SPI_Init
                0x00000000080050e8       0xc8 CMakeFiles/robot-stm32f401.elf.dir/Drivers/STM32F4xx_HAL_Driver/Src/stm32f4xx_hal_spi.c.obj
                0x00000000080050e8                HAL_SPI_Init
 .text.HAL_TIM_Base_Init
                0x00000000080051b0       0x56 CMakeFiles/robot-stm32f401.elf.dir/Drivers/STM32F4xx_HAL_Driver/Src/stm32f4xx_hal_tim.c.obj
                0x00000000080051b0                HAL_TIM_Base_Init
 .text.HAL_TIM_Base_Start
                0x0000000008005206       0x34 CMakeFiles/robot-stm32f401.elf.dir/Drivers/STM32F4xx_HAL_Driver/Src/stm32f4xx_hal_tim.c.obj
                0x0000000008005206                HAL_TIM_Base_Start
 .text.HAL_TIM_Base_Start_IT
                0x000000000800523a       0x34 CMakeFiles/robot-stm32f401.elf.dir/Drivers/STM32F4xx_HAL_Driver/Src/stm32f4xx_hal_tim.c.obj
                0x000000000800523a                HAL_TIM_Base_Start_IT
 .text.HAL_TIM_PWM_Init
                0x000000000800526e       0x56 CMakeFiles/robot-stm32f401.elf.dir/Drivers/STM32F4xx_HAL_Driver/Src/stm32f4xx_hal_tim.c.obj
                0x000000000800526e                HAL_TIM_PWM_Init
 .text.HAL_TIM_PWM_Start
                0x00000000080052c4       0x50 CMakeFiles/robot-stm32f401.elf.dir/Drivers/STM32F4xx_HAL_Driver/Src/stm32f4xx_hal_tim.c.obj
                0x00000000080052c4                HAL_TIM_PWM_Start
 .text.HAL_TIM_IC_Init
                0x0000000008005314       0x56 CMakeFiles/robot-stm32f401.elf.dir/Drivers/STM32F4xx_HAL_Driver/Src/stm32f4xx_hal_tim.c.obj
                0x0000000008005314                HAL_TIM_IC_Init
 .text.HAL_TIM_IC_MspInit
                0x000000000800536a       0x12 CMakeFiles/robot-stm32f401.elf.dir/Drivers/STM32F4xx_HAL_Driver/Src/stm32f4xx_hal_tim.c.obj
                0x000000000800536a                HAL_TIM_IC_MspInit
 .text.HAL_TIM_IRQHandler
                0x000000000800537c      0x210 CMakeFiles/robot-stm32f401.elf.dir/Drivers/STM32F4xx_HAL_Driver/Src/stm32f4xx_hal_tim.c.obj
                0x000000000800537c                HAL_TIM_IRQHandler
 .text.HAL_TIM_IC_ConfigChannel
                0x000000000800558c      0x138 CMakeFiles/robot-stm32f401.elf.dir/Drivers/STM32F4xx_HAL_Driver/Src/stm32f4xx_hal_tim.c.obj
                0x000000000800558c                HAL_TIM_IC_ConfigChannel
 .text.HAL_TIM_PWM_ConfigChannel
                0x00000000080056c4      0x18c CMakeFiles/robot-stm32f401.elf.dir/Drivers/STM32F4xx_HAL_Driver/Src/stm32f4xx_hal_tim.c.obj
                0x00000000080056c4                HAL_TIM_PWM_ConfigChannel
 .text.HAL_TIM_PeriodElapsedCallback
                0x0000000008005850       0x12 CMakeFiles/robot-stm32f401.elf.dir/Drivers/STM32F4xx_HAL_Driver/Src/stm32f4xx_hal_tim.c.obj
                0x0000000008005850                HAL_TIM_PeriodElapsedCallback
 .text.HAL_TIM_OC_DelayElapsedCallback
                0x0000000008005862       0x12 CMakeFiles/robot-stm32f401.elf.dir/Drivers/STM32F4xx_HAL_Driver/Src/stm32f4xx_hal_tim.c.obj
                0x0000000008005862                HAL_TIM_OC_DelayElapsedCallback
 .text.HAL_TIM_PWM_PulseFinishedCallback
                0x0000000008005874       0x12 CMakeFiles/robot-stm32f401.elf.dir/Drivers/STM32F4xx_HAL_Driver/Src/stm32f4xx_hal_tim.c.obj
                0x0000000008005874                HAL_TIM_PWM_PulseFinishedCallback
 .text.HAL_TIM_TriggerCallback
                0x0000000008005886       0x12 CMakeFiles/robot-stm32f401.elf.dir/Drivers/STM32F4xx_HAL_Driver/Src/stm32f4xx_hal_tim.c.obj
                0x0000000008005886                HAL_TIM_TriggerCallback
 .text.TIM_Base_SetConfig
                0x0000000008005898      0x108 CMakeFiles/robot-stm32f401.elf.dir/Drivers/STM32F4xx_HAL_Driver/Src/stm32f4xx_hal_tim.c.obj
                0x0000000008005898                TIM_Base_SetConfig
 .text.TIM_TI1_SetConfig
                0x00000000080059a0       0xdc CMakeFiles/robot-stm32f401.elf.dir/Drivers/STM32F4xx_HAL_Driver/Src/stm32f4xx_hal_tim.c.obj
                0x00000000080059a0                TIM_TI1_SetConfig
 .text.TIM_OC2_SetConfig
                0x0000000008005a7c       0xd8 CMakeFiles/robot-stm32f401.elf.dir/Drivers/STM32F4xx_HAL_Driver/Src/stm32f4xx_hal_tim.c.obj
                0x0000000008005a7c                TIM_OC2_SetConfig
 .text.TIM_CCxChannelCmd
                0x0000000008005b54       0x44 CMakeFiles/robot-stm32f401.elf.dir/Drivers/STM32F4xx_HAL_Driver/Src/stm32f4xx_hal_tim.c.obj
                0x0000000008005b54                TIM_CCxChannelCmd
 .text.TIM_OC1_SetConfig
                0x0000000008005b98       0xd0 CMakeFiles/robot-stm32f401.elf.dir/Drivers/STM32F4xx_HAL_Driver/Src/stm32f4xx_hal_tim.c.obj
 .text.TIM_OC3_SetConfig
                0x0000000008005c68       0xd8 CMakeFiles/robot-stm32f401.elf.dir/Drivers/STM32F4xx_HAL_Driver/Src/stm32f4xx_hal_tim.c.obj
 .text.TIM_OC4_SetConfig
                0x0000000008005d40       0xa8 CMakeFiles/robot-stm32f401.elf.dir/Drivers/STM32F4xx_HAL_Driver/Src/stm32f4xx_hal_tim.c.obj
 .text.TIM_TI2_SetConfig
                0x0000000008005de8       0x80 CMakeFiles/robot-stm32f401.elf.dir/Drivers/STM32F4xx_HAL_Driver/Src/stm32f4xx_hal_tim.c.obj
 .text.TIM_TI3_SetConfig
                0x0000000008005e68       0x7e CMakeFiles/robot-stm32f401.elf.dir/Drivers/STM32F4xx_HAL_Driver/Src/stm32f4xx_hal_tim.c.obj
 .text.TIM_TI4_SetConfig
                0x0000000008005ee6       0x80 CMakeFiles/robot-stm32f401.elf.dir/Drivers/STM32F4xx_HAL_Driver/Src/stm32f4xx_hal_tim.c.obj
 .text.HAL_TIMEx_MasterConfigSynchronization
                0x0000000008005f66       0x88 CMakeFiles/robot-stm32f401.elf.dir/Drivers/STM32F4xx_HAL_Driver/Src/stm32f4xx_hal_tim_ex.c.obj
                0x0000000008005f66                HAL_TIMEx_MasterConfigSynchronization
 .text.HAL_TIMEx_CommutationCallback
                0x0000000008005fee       0x12 CMakeFiles/robot-stm32f401.elf.dir/Drivers/STM32F4xx_HAL_Driver/Src/stm32f4xx_hal_tim_ex.c.obj
                0x0000000008005fee                HAL_TIMEx_CommutationCallback
 .text.HAL_TIMEx_BreakCallback
                0x0000000008006000       0x12 CMakeFiles/robot-stm32f401.elf.dir/Drivers/STM32F4xx_HAL_Driver/Src/stm32f4xx_hal_tim_ex.c.obj
                0x0000000008006000                HAL_TIMEx_BreakCallback
 .text.HAL_UART_Init
                0x0000000008006012       0x9a CMakeFiles/robot-stm32f401.elf.dir/Drivers/STM32F4xx_HAL_Driver/Src/stm32f4xx_hal_uart.c.obj
                0x0000000008006012                HAL_UART_Init
 .text.HAL_UART_Transmit
                0x00000000080060ac      0x132 CMakeFiles/robot-stm32f401.elf.dir/Drivers/STM32F4xx_HAL_Driver/Src/stm32f4xx_hal_uart.c.obj
                0x00000000080060ac                HAL_UART_Transmit
 .text.HAL_UART_Receive_IT
                0x00000000080061de       0x98 CMakeFiles/robot-stm32f401.elf.dir/Drivers/STM32F4xx_HAL_Driver/Src/stm32f4xx_hal_uart.c.obj
                0x00000000080061de                HAL_UART_Receive_IT
 *fill*         0x0000000008006276        0x2 
 .text.HAL_UART_IRQHandler
                0x0000000008006278      0x1f8 CMakeFiles/robot-stm32f401.elf.dir/Drivers/STM32F4xx_HAL_Driver/Src/stm32f4xx_hal_uart.c.obj
                0x0000000008006278                HAL_UART_IRQHandler
 .text.HAL_UART_TxCpltCallback
                0x0000000008006470       0x12 CMakeFiles/robot-stm32f401.elf.dir/Drivers/STM32F4xx_HAL_Driver/Src/stm32f4xx_hal_uart.c.obj
                0x0000000008006470                HAL_UART_TxCpltCallback
 .text.HAL_UART_ErrorCallback
                0x0000000008006482       0x12 CMakeFiles/robot-stm32f401.elf.dir/Drivers/STM32F4xx_HAL_Driver/Src/stm32f4xx_hal_uart.c.obj
                0x0000000008006482                HAL_UART_ErrorCallback
 .text.UART_WaitOnFlagUntilTimeout
                0x0000000008006494       0x94 CMakeFiles/robot-stm32f401.elf.dir/Drivers/STM32F4xx_HAL_Driver/Src/stm32f4xx_hal_uart.c.obj
 .text.UART_EndRxTransfer
                0x0000000008006528       0x3a CMakeFiles/robot-stm32f401.elf.dir/Drivers/STM32F4xx_HAL_Driver/Src/stm32f4xx_hal_uart.c.obj
 .text.UART_DMAAbortOnError
                0x0000000008006562       0x28 CMakeFiles/robot-stm32f401.elf.dir/Drivers/STM32F4xx_HAL_Driver/Src/stm32f4xx_hal_uart.c.obj
 .text.UART_Transmit_IT
                0x000000000800658a       0xaa CMakeFiles/robot-stm32f401.elf.dir/Drivers/STM32F4xx_HAL_Driver/Src/stm32f4xx_hal_uart.c.obj
 .text.UART_EndTransmit_IT
                0x0000000008006634       0x30 CMakeFiles/robot-stm32f401.elf.dir/Drivers/STM32F4xx_HAL_Driver/Src/stm32f4xx_hal_uart.c.obj
 .text.UART_Receive_IT
                0x0000000008006664       0xf2 CMakeFiles/robot-stm32f401.elf.dir/Drivers/STM32F4xx_HAL_Driver/Src/stm32f4xx_hal_uart.c.obj
 *fill*         0x0000000008006756        0x2 
 .text.UART_SetConfig
                0x0000000008006758      0x438 CMakeFiles/robot-stm32f401.elf.dir/Drivers/STM32F4xx_HAL_Driver/Src/stm32f4xx_hal_uart.c.obj
 .text.USB_CoreInit
                0x0000000008006b90       0xa2 CMakeFiles/robot-stm32f401.elf.dir/Drivers/STM32F4xx_HAL_Driver/Src/stm32f4xx_ll_usb.c.obj
                0x0000000008006b90                USB_CoreInit
 .text.USB_EnableGlobalInt
                0x0000000008006c32       0x20 CMakeFiles/robot-stm32f401.elf.dir/Drivers/STM32F4xx_HAL_Driver/Src/stm32f4xx_ll_usb.c.obj
                0x0000000008006c32                USB_EnableGlobalInt
 .text.USB_DisableGlobalInt
                0x0000000008006c52       0x20 CMakeFiles/robot-stm32f401.elf.dir/Drivers/STM32F4xx_HAL_Driver/Src/stm32f4xx_ll_usb.c.obj
                0x0000000008006c52                USB_DisableGlobalInt
 .text.USB_SetCurrentMode
                0x0000000008006c72       0x4e CMakeFiles/robot-stm32f401.elf.dir/Drivers/STM32F4xx_HAL_Driver/Src/stm32f4xx_ll_usb.c.obj
                0x0000000008006c72                USB_SetCurrentMode
 .text.USB_FlushTxFifo
                0x0000000008006cc0       0x48 CMakeFiles/robot-stm32f401.elf.dir/Drivers/STM32F4xx_HAL_Driver/Src/stm32f4xx_ll_usb.c.obj
                0x0000000008006cc0                USB_FlushTxFifo
 .text.USB_FlushRxFifo
                0x0000000008006d08       0x40 CMakeFiles/robot-stm32f401.elf.dir/Drivers/STM32F4xx_HAL_Driver/Src/stm32f4xx_ll_usb.c.obj
                0x0000000008006d08                USB_FlushRxFifo
 .text.USB_WritePacket
                0x0000000008006d48       0x68 CMakeFiles/robot-stm32f401.elf.dir/Drivers/STM32F4xx_HAL_Driver/Src/stm32f4xx_ll_usb.c.obj
                0x0000000008006d48                USB_WritePacket
 .text.USB_ReadPacket
                0x0000000008006db0       0x4c CMakeFiles/robot-stm32f401.elf.dir/Drivers/STM32F4xx_HAL_Driver/Src/stm32f4xx_ll_usb.c.obj
                0x0000000008006db0                USB_ReadPacket
 .text.USB_ReadInterrupts
                0x0000000008006dfc       0x28 CMakeFiles/robot-stm32f401.elf.dir/Drivers/STM32F4xx_HAL_Driver/Src/stm32f4xx_ll_usb.c.obj
                0x0000000008006dfc                USB_ReadInterrupts
 .text.USB_GetMode
                0x0000000008006e24       0x1a CMakeFiles/robot-stm32f401.elf.dir/Drivers/STM32F4xx_HAL_Driver/Src/stm32f4xx_ll_usb.c.obj
                0x0000000008006e24                USB_GetMode
 *fill*         0x0000000008006e3e        0x2 
 .text.USB_CoreReset
                0x0000000008006e40       0x64 CMakeFiles/robot-stm32f401.elf.dir/Drivers/STM32F4xx_HAL_Driver/Src/stm32f4xx_ll_usb.c.obj
 .text.USB_HostInit
                0x0000000008006ea4      0x154 CMakeFiles/robot-stm32f401.elf.dir/Drivers/STM32F4xx_HAL_Driver/Src/stm32f4xx_ll_usb.c.obj
                0x0000000008006ea4                USB_HostInit
 .text.USB_InitFSLSPClkSel
                0x0000000008006ff8       0x6e CMakeFiles/robot-stm32f401.elf.dir/Drivers/STM32F4xx_HAL_Driver/Src/stm32f4xx_ll_usb.c.obj
                0x0000000008006ff8                USB_InitFSLSPClkSel
 .text.USB_ResetPort
                0x0000000008007066       0x46 CMakeFiles/robot-stm32f401.elf.dir/Drivers/STM32F4xx_HAL_Driver/Src/stm32f4xx_ll_usb.c.obj
                0x0000000008007066                USB_ResetPort
 .text.USB_DriveVbus
                0x00000000080070ac       0x68 CMakeFiles/robot-stm32f401.elf.dir/Drivers/STM32F4xx_HAL_Driver/Src/stm32f4xx_ll_usb.c.obj
                0x00000000080070ac                USB_DriveVbus
 .text.USB_GetHostSpeed
                0x0000000008007114       0x24 CMakeFiles/robot-stm32f401.elf.dir/Drivers/STM32F4xx_HAL_Driver/Src/stm32f4xx_ll_usb.c.obj
                0x0000000008007114                USB_GetHostSpeed
 .text.USB_GetCurrentFrame
                0x0000000008007138       0x1c CMakeFiles/robot-stm32f401.elf.dir/Drivers/STM32F4xx_HAL_Driver/Src/stm32f4xx_ll_usb.c.obj
                0x0000000008007138                USB_GetCurrentFrame
 .text.USB_HC_Init
                0x0000000008007154      0x1e0 CMakeFiles/robot-stm32f401.elf.dir/Drivers/STM32F4xx_HAL_Driver/Src/stm32f4xx_ll_usb.c.obj
                0x0000000008007154                USB_HC_Init
 .text.USB_HC_StartXfer
                0x0000000008007334      0x274 CMakeFiles/robot-stm32f401.elf.dir/Drivers/STM32F4xx_HAL_Driver/Src/stm32f4xx_ll_usb.c.obj
                0x0000000008007334                USB_HC_StartXfer
 .text.USB_HC_ReadInterrupt
                0x00000000080075a8       0x1c CMakeFiles/robot-stm32f401.elf.dir/Drivers/STM32F4xx_HAL_Driver/Src/stm32f4xx_ll_usb.c.obj
                0x00000000080075a8                USB_HC_ReadInterrupt
 .text.USB_HC_Halt
                0x00000000080075c4      0x1c0 CMakeFiles/robot-stm32f401.elf.dir/Drivers/STM32F4xx_HAL_Driver/Src/stm32f4xx_ll_usb.c.obj
                0x00000000080075c4                USB_HC_Halt
 .text.USB_DoPing
                0x0000000008007784       0x74 CMakeFiles/robot-stm32f401.elf.dir/Drivers/STM32F4xx_HAL_Driver/Src/stm32f4xx_ll_usb.c.obj
                0x0000000008007784                USB_DoPing
 .text.USB_StopHost
                0x00000000080077f8      0x108 CMakeFiles/robot-stm32f401.elf.dir/Drivers/STM32F4xx_HAL_Driver/Src/stm32f4xx_ll_usb.c.obj
                0x00000000080077f8                USB_StopHost
 .text.USBH_CDC_InterfaceInit
                0x0000000008007900      0x282 CMakeFiles/robot-stm32f401.elf.dir/Middlewares/ST/STM32_USB_Host_Library/Class/CDC/Src/usbh_cdc.c.obj
 .text.USBH_CDC_InterfaceDeInit
                0x0000000008007b82       0xb2 CMakeFiles/robot-stm32f401.elf.dir/Middlewares/ST/STM32_USB_Host_Library/Class/CDC/Src/usbh_cdc.c.obj
 .text.USBH_CDC_ClassRequest
                0x0000000008007c34       0x42 CMakeFiles/robot-stm32f401.elf.dir/Middlewares/ST/STM32_USB_Host_Library/Class/CDC/Src/usbh_cdc.c.obj
 *fill*         0x0000000008007c76        0x2 
 .text.USBH_CDC_Process
                0x0000000008007c78      0x12c CMakeFiles/robot-stm32f401.elf.dir/Middlewares/ST/STM32_USB_Host_Library/Class/CDC/Src/usbh_cdc.c.obj
 .text.USBH_CDC_SOFProcess
                0x0000000008007da4       0x14 CMakeFiles/robot-stm32f401.elf.dir/Middlewares/ST/STM32_USB_Host_Library/Class/CDC/Src/usbh_cdc.c.obj
 .text.GetLineCoding
                0x0000000008007db8       0x3e CMakeFiles/robot-stm32f401.elf.dir/Middlewares/ST/STM32_USB_Host_Library/Class/CDC/Src/usbh_cdc.c.obj
 .text.SetLineCoding
                0x0000000008007df6       0x3e CMakeFiles/robot-stm32f401.elf.dir/Middlewares/ST/STM32_USB_Host_Library/Class/CDC/Src/usbh_cdc.c.obj
 .text.USBH_CDC_Transmit
                0x0000000008007e34       0x5a CMakeFiles/robot-stm32f401.elf.dir/Middlewares/ST/STM32_USB_Host_Library/Class/CDC/Src/usbh_cdc.c.obj
                0x0000000008007e34                USBH_CDC_Transmit
 .text.USBH_CDC_Receive
                0x0000000008007e8e       0x5a CMakeFiles/robot-stm32f401.elf.dir/Middlewares/ST/STM32_USB_Host_Library/Class/CDC/Src/usbh_cdc.c.obj
                0x0000000008007e8e                USBH_CDC_Receive
 .text.CDC_ProcessTransmission
                0x0000000008007ee8       0xf0 CMakeFiles/robot-stm32f401.elf.dir/Middlewares/ST/STM32_USB_Host_Library/Class/CDC/Src/usbh_cdc.c.obj
 .text.CDC_ProcessReception
                0x0000000008007fd8       0xb6 CMakeFiles/robot-stm32f401.elf.dir/Middlewares/ST/STM32_USB_Host_Library/Class/CDC/Src/usbh_cdc.c.obj
 .text.USBH_CDC_LineCodingChanged
                0x000000000800808e       0x12 CMakeFiles/robot-stm32f401.elf.dir/Middlewares/ST/STM32_USB_Host_Library/Class/CDC/Src/usbh_cdc.c.obj
                0x000000000800808e                USBH_CDC_LineCodingChanged
 .text.USBH_Init
                0x00000000080080a0       0x54 CMakeFiles/robot-stm32f401.elf.dir/Middlewares/ST/STM32_USB_Host_Library/Core/Src/usbh_core.c.obj
                0x00000000080080a0                USBH_Init
 .text.DeInitStateMachine
                0x00000000080080f4       0x92 CMakeFiles/robot-stm32f401.elf.dir/Middlewares/ST/STM32_USB_Host_Library/Core/Src/usbh_core.c.obj
 .text.USBH_RegisterClass
                0x0000000008008186       0x52 CMakeFiles/robot-stm32f401.elf.dir/Middlewares/ST/STM32_USB_Host_Library/Core/Src/usbh_core.c.obj
                0x0000000008008186                USBH_RegisterClass
 .text.USBH_SelectInterface
                0x00000000080081d8       0x36 CMakeFiles/robot-stm32f401.elf.dir/Middlewares/ST/STM32_USB_Host_Library/Core/Src/usbh_core.c.obj
                0x00000000080081d8                USBH_SelectInterface
 .text.USBH_FindInterface
                0x000000000800820e       0x94 CMakeFiles/robot-stm32f401.elf.dir/Middlewares/ST/STM32_USB_Host_Library/Core/Src/usbh_core.c.obj
                0x000000000800820e                USBH_FindInterface
 .text.USBH_Start
                0x00000000080082a2       0x20 CMakeFiles/robot-stm32f401.elf.dir/Middlewares/ST/STM32_USB_Host_Library/Core/Src/usbh_core.c.obj
                0x00000000080082a2                USBH_Start
 *fill*         0x00000000080082c2        0x2 
 .text.USBH_Process
                0x00000000080082c4      0x298 CMakeFiles/robot-stm32f401.elf.dir/Middlewares/ST/STM32_USB_Host_Library/Core/Src/usbh_core.c.obj
                0x00000000080082c4                USBH_Process
 .text.USBH_HandleEnum
                0x000000000800855c      0x234 CMakeFiles/robot-stm32f401.elf.dir/Middlewares/ST/STM32_USB_Host_Library/Core/Src/usbh_core.c.obj
 .text.USBH_LL_SetTimer
                0x0000000008008790       0x1c CMakeFiles/robot-stm32f401.elf.dir/Middlewares/ST/STM32_USB_Host_Library/Core/Src/usbh_core.c.obj
                0x0000000008008790                USBH_LL_SetTimer
 .text.USBH_LL_IncTimer
                0x00000000080087ac       0x24 CMakeFiles/robot-stm32f401.elf.dir/Middlewares/ST/STM32_USB_Host_Library/Core/Src/usbh_core.c.obj
                0x00000000080087ac                USBH_LL_IncTimer
 .text.USBH_HandleSof
                0x00000000080087d0       0x30 CMakeFiles/robot-stm32f401.elf.dir/Middlewares/ST/STM32_USB_Host_Library/Core/Src/usbh_core.c.obj
 .text.USBH_LL_Connect
                0x0000000008008800       0x4c CMakeFiles/robot-stm32f401.elf.dir/Middlewares/ST/STM32_USB_Host_Library/Core/Src/usbh_core.c.obj
                0x0000000008008800                USBH_LL_Connect
 .text.USBH_LL_Disconnect
                0x000000000800884c       0x5a CMakeFiles/robot-stm32f401.elf.dir/Middlewares/ST/STM32_USB_Host_Library/Core/Src/usbh_core.c.obj
                0x000000000800884c                USBH_LL_Disconnect
 .text.USBH_Get_DevDesc
                0x00000000080088a6       0x50 CMakeFiles/robot-stm32f401.elf.dir/Middlewares/ST/STM32_USB_Host_Library/Core/Src/usbh_ctlreq.c.obj
                0x00000000080088a6                USBH_Get_DevDesc
 .text.USBH_Get_CfgDesc
                0x00000000080088f6       0x48 CMakeFiles/robot-stm32f401.elf.dir/Middlewares/ST/STM32_USB_Host_Library/Core/Src/usbh_ctlreq.c.obj
                0x00000000080088f6                USBH_Get_CfgDesc
 .text.USBH_Get_StringDesc
                0x000000000800893e       0x58 CMakeFiles/robot-stm32f401.elf.dir/Middlewares/ST/STM32_USB_Host_Library/Core/Src/usbh_ctlreq.c.obj
                0x000000000800893e                USBH_Get_StringDesc
 .text.USBH_GetDescriptor
                0x0000000008008996       0x6a CMakeFiles/robot-stm32f401.elf.dir/Middlewares/ST/STM32_USB_Host_Library/Core/Src/usbh_ctlreq.c.obj
                0x0000000008008996                USBH_GetDescriptor
 .text.USBH_SetAddress
                0x0000000008008a00       0x48 CMakeFiles/robot-stm32f401.elf.dir/Middlewares/ST/STM32_USB_Host_Library/Core/Src/usbh_ctlreq.c.obj
                0x0000000008008a00                USBH_SetAddress
 .text.USBH_SetCfg
                0x0000000008008a48       0x46 CMakeFiles/robot-stm32f401.elf.dir/Middlewares/ST/STM32_USB_Host_Library/Core/Src/usbh_ctlreq.c.obj
                0x0000000008008a48                USBH_SetCfg
 .text.USBH_ClrFeature
                0x0000000008008a8e       0x48 CMakeFiles/robot-stm32f401.elf.dir/Middlewares/ST/STM32_USB_Host_Library/Core/Src/usbh_ctlreq.c.obj
                0x0000000008008a8e                USBH_ClrFeature
 .text.USBH_ParseDevDesc
                0x0000000008008ad6       0xde CMakeFiles/robot-stm32f401.elf.dir/Middlewares/ST/STM32_USB_Host_Library/Core/Src/usbh_ctlreq.c.obj
 .text.USBH_ParseCfgDesc
                0x0000000008008bb4      0x14c CMakeFiles/robot-stm32f401.elf.dir/Middlewares/ST/STM32_USB_Host_Library/Core/Src/usbh_ctlreq.c.obj
 .text.USBH_ParseInterfaceDesc
                0x0000000008008d00       0x5c CMakeFiles/robot-stm32f401.elf.dir/Middlewares/ST/STM32_USB_Host_Library/Core/Src/usbh_ctlreq.c.obj
 .text.USBH_ParseEPDesc
                0x0000000008008d5c       0x58 CMakeFiles/robot-stm32f401.elf.dir/Middlewares/ST/STM32_USB_Host_Library/Core/Src/usbh_ctlreq.c.obj
 .text.USBH_ParseStringDesc
                0x0000000008008db4       0x64 CMakeFiles/robot-stm32f401.elf.dir/Middlewares/ST/STM32_USB_Host_Library/Core/Src/usbh_ctlreq.c.obj
 .text.USBH_GetNextDesc
                0x0000000008008e18       0x34 CMakeFiles/robot-stm32f401.elf.dir/Middlewares/ST/STM32_USB_Host_Library/Core/Src/usbh_ctlreq.c.obj
                0x0000000008008e18                USBH_GetNextDesc
 .text.USBH_CtlReq
                0x0000000008008e4c       0x7c CMakeFiles/robot-stm32f401.elf.dir/Middlewares/ST/STM32_USB_Host_Library/Core/Src/usbh_ctlreq.c.obj
                0x0000000008008e4c                USBH_CtlReq
 .text.USBH_HandleControl
                0x0000000008008ec8      0x2d0 CMakeFiles/robot-stm32f401.elf.dir/Middlewares/ST/STM32_USB_Host_Library/Core/Src/usbh_ctlreq.c.obj
 .text.USBH_CtlSendSetup
                0x0000000008009198       0x34 CMakeFiles/robot-stm32f401.elf.dir/Middlewares/ST/STM32_USB_Host_Library/Core/Src/usbh_ioreq.c.obj
                0x0000000008009198                USBH_CtlSendSetup
 .text.USBH_CtlSendData
                0x00000000080091cc       0x4a CMakeFiles/robot-stm32f401.elf.dir/Middlewares/ST/STM32_USB_Host_Library/Core/Src/usbh_ioreq.c.obj
                0x00000000080091cc                USBH_CtlSendData
 .text.USBH_CtlReceiveData
                0x0000000008009216       0x3c CMakeFiles/robot-stm32f401.elf.dir/Middlewares/ST/STM32_USB_Host_Library/Core/Src/usbh_ioreq.c.obj
                0x0000000008009216                USBH_CtlReceiveData
 .text.USBH_BulkSendData
                0x0000000008009252       0x4a CMakeFiles/robot-stm32f401.elf.dir/Middlewares/ST/STM32_USB_Host_Library/Core/Src/usbh_ioreq.c.obj
                0x0000000008009252                USBH_BulkSendData
 .text.USBH_BulkReceiveData
                0x000000000800929c       0x3c CMakeFiles/robot-stm32f401.elf.dir/Middlewares/ST/STM32_USB_Host_Library/Core/Src/usbh_ioreq.c.obj
                0x000000000800929c                USBH_BulkReceiveData
 .text.USBH_OpenPipe
                0x00000000080092d8       0x3e CMakeFiles/robot-stm32f401.elf.dir/Middlewares/ST/STM32_USB_Host_Library/Core/Src/usbh_pipes.c.obj
                0x00000000080092d8                USBH_OpenPipe
 .text.USBH_ClosePipe
                0x0000000008009316       0x20 CMakeFiles/robot-stm32f401.elf.dir/Middlewares/ST/STM32_USB_Host_Library/Core/Src/usbh_pipes.c.obj
                0x0000000008009316                USBH_ClosePipe
 .text.USBH_AllocPipe
                0x0000000008009336       0x40 CMakeFiles/robot-stm32f401.elf.dir/Middlewares/ST/STM32_USB_Host_Library/Core/Src/usbh_pipes.c.obj
                0x0000000008009336                USBH_AllocPipe
 .text.USBH_FreePipe
                0x0000000008009376       0x3a CMakeFiles/robot-stm32f401.elf.dir/Middlewares/ST/STM32_USB_Host_Library/Core/Src/usbh_pipes.c.obj
                0x0000000008009376                USBH_FreePipe
 .text.USBH_GetFreePipe
                0x00000000080093b0       0x46 CMakeFiles/robot-stm32f401.elf.dir/Middlewares/ST/STM32_USB_Host_Library/Core/Src/usbh_pipes.c.obj
 .text._ZNSt14_Function_baseC2Ev
                0x00000000080093f6       0x1a CMakeFiles/robot-stm32f401.elf.dir/Src/comm/Telemetry.cpp.obj
                0x00000000080093f6                std::_Function_base::_Function_base()
                0x00000000080093f6                std::_Function_base::_Function_base()
 .text._ZNSt14_Function_baseD2Ev
                0x0000000008009410       0x26 CMakeFiles/robot-stm32f401.elf.dir/Src/comm/Telemetry.cpp.obj
                0x0000000008009410                std::_Function_base::~_Function_base()
                0x0000000008009410                std::_Function_base::~_Function_base()
 .text._ZNKSt14_Function_base8_M_emptyEv
                0x0000000008009436       0x20 CMakeFiles/robot-stm32f401.elf.dir/Src/comm/Telemetry.cpp.obj
                0x0000000008009436                std::_Function_base::_M_empty() const
 *fill*         0x0000000008009456        0x2 
 .text._ZN4TaskC2Ev
                0x0000000008009458       0x20 CMakeFiles/robot-stm32f401.elf.dir/Src/comm/Telemetry.cpp.obj
                0x0000000008009458                Task::Task()
                0x0000000008009458                Task::Task()
 .text._ZNSt8functionIFv7CommandPKhiEED2Ev
                0x0000000008009478       0x1a CMakeFiles/robot-stm32f401.elf.dir/Src/comm/Telemetry.cpp.obj
                0x0000000008009478                std::function<void (Command, unsigned char const*, int)>::~function()
                0x0000000008009478                std::function<void (Command, unsigned char const*, int)>::~function()
 *fill*         0x0000000008009492        0x2 
 .text._ZN9TelemetryC2EP20SerialCommunicationsP18ChecksumCalculatorRKSt8functionIFv7CommandPKhiEE
                0x0000000008009494       0x5c CMakeFiles/robot-stm32f401.elf.dir/Src/comm/Telemetry.cpp.obj
                0x0000000008009494                Telemetry::Telemetry(SerialCommunications*, ChecksumCalculator*, std::function<void (Command, unsigned char const*, int)> const&)
                0x0000000008009494                Telemetry::Telemetry(SerialCommunications*, ChecksumCalculator*, std::function<void (Command, unsigned char const*, int)> const&)
 .text._ZN9Telemetry7serviceE10RobotState
                0x00000000080094f0       0x34 CMakeFiles/robot-stm32f401.elf.dir/Src/comm/Telemetry.cpp.obj
                0x00000000080094f0                Telemetry::service(RobotState)
 .text._ZN9Telemetry4initEv
                0x0000000008009524       0x24 CMakeFiles/robot-stm32f401.elf.dir/Src/comm/Telemetry.cpp.obj
                0x0000000008009524                Telemetry::init()
 .text._ZN9Telemetry12transmitScanEPKci
                0x0000000008009548       0x22 CMakeFiles/robot-stm32f401.elf.dir/Src/comm/Telemetry.cpp.obj
                0x0000000008009548                Telemetry::transmitScan(char const*, int)
 *fill*         0x000000000800956a        0x2 
 .text._ZN9Telemetry10rxCallbackEi
                0x000000000800956c       0x30 CMakeFiles/robot-stm32f401.elf.dir/Src/comm/Telemetry.cpp.obj
                0x000000000800956c                Telemetry::rxCallback(int)
 .text._Z20findPacketBoundariesPKhic
                0x000000000800959c       0x82 CMakeFiles/robot-stm32f401.elf.dir/Src/comm/Telemetry.cpp.obj
                0x000000000800959c                findPacketBoundaries(unsigned char const*, int, char)
 *fill*         0x000000000800961e        0x2 
 .text._ZN9Telemetry12parseCommandEPKhi
                0x0000000008009620       0x84 CMakeFiles/robot-stm32f401.elf.dir/Src/comm/Telemetry.cpp.obj
                0x0000000008009620                Telemetry::parseCommand(unsigned char const*, int)
 .text._ZN9Telemetry13parseChecksumEPKhi
                0x00000000080096a4       0x20 CMakeFiles/robot-stm32f401.elf.dir/Src/comm/Telemetry.cpp.obj
                0x00000000080096a4                Telemetry::parseChecksum(unsigned char const*, int)
 .text._ZN9Telemetry15computeChecksumEPKhi
                0x00000000080096c4       0x2c CMakeFiles/robot-stm32f401.elf.dir/Src/comm/Telemetry.cpp.obj
                0x00000000080096c4                Telemetry::computeChecksum(unsigned char const*, int)
 .text._ZN9Telemetry18areBoundariesValidESt4pairIiiEi
                0x00000000080096f0       0x36 CMakeFiles/robot-stm32f401.elf.dir/Src/comm/Telemetry.cpp.obj
                0x00000000080096f0                Telemetry::areBoundariesValid(std::pair<int, int>, int)
 .text._ZN9Telemetry20findPacketTerminatorEPKhi
                0x0000000008009726       0x54 CMakeFiles/robot-stm32f401.elf.dir/Src/comm/Telemetry.cpp.obj
                0x0000000008009726                Telemetry::findPacketTerminator(unsigned char const*, int)
 .text._ZN9Telemetry15findPacketStartEPKhi
                0x000000000800977a       0x5c CMakeFiles/robot-stm32f401.elf.dir/Src/comm/Telemetry.cpp.obj
                0x000000000800977a                Telemetry::findPacketStart(unsigned char const*, int)
 *fill*         0x00000000080097d6        0x2 
 .text._ZN9Telemetry18parseIncomingChunkEPKhi
                0x00000000080097d8       0x9c CMakeFiles/robot-stm32f401.elf.dir/Src/comm/Telemetry.cpp.obj
                0x00000000080097d8                Telemetry::parseIncomingChunk(unsigned char const*, int)
 .text._ZN9Telemetry20processCommandPacketEPKhi
                0x0000000008009874      0x124 CMakeFiles/robot-stm32f401.elf.dir/Src/comm/Telemetry.cpp.obj
                0x0000000008009874                Telemetry::processCommandPacket(unsigned char const*, int)
 .text._ZN9Telemetry18parseCommandPacketEPKhi
                0x0000000008009998       0x56 CMakeFiles/robot-stm32f401.elf.dir/Src/comm/Telemetry.cpp.obj
                0x0000000008009998                Telemetry::parseCommandPacket(unsigned char const*, int)
 .text._ZNSt8functionIFv7CommandPKhiEEC2Ev
                0x00000000080099ee       0x1a CMakeFiles/robot-stm32f401.elf.dir/Src/comm/Telemetry.cpp.obj
                0x00000000080099ee                std::function<void (Command, unsigned char const*, int)>::function()
                0x00000000080099ee                std::function<void (Command, unsigned char const*, int)>::function()
 .text._ZNSt8functionIFv7CommandPKhiEEaSERKS4_
                0x0000000008009a08       0x36 CMakeFiles/robot-stm32f401.elf.dir/Src/comm/Telemetry.cpp.obj
                0x0000000008009a08                std::function<void (Command, unsigned char const*, int)>::operator=(std::function<void (Command, unsigned char const*, int)> const&)
 .text._ZNSt4pairIiiEC2IiiLb1EEEOT_OT0_
                0x0000000008009a3e       0x32 CMakeFiles/robot-stm32f401.elf.dir/Src/comm/Telemetry.cpp.obj
                0x0000000008009a3e                std::pair<int, int>::pair<int, int, true>(int&&, int&&)
                0x0000000008009a3e                std::pair<int, int>::pair<int, int, true>(int&&, int&&)
 .text._ZNSt4pairIiiEaSEOS0_
                0x0000000008009a70       0x36 CMakeFiles/robot-stm32f401.elf.dir/Src/comm/Telemetry.cpp.obj
                0x0000000008009a70                std::pair<int, int>::operator=(std::pair<int, int>&&)
 .text._ZNKSt8functionIFv7CommandPKhiEEclES0_S2_i
                0x0000000008009aa6       0x5c CMakeFiles/robot-stm32f401.elf.dir/Src/comm/Telemetry.cpp.obj
                0x0000000008009aa6                std::function<void (Command, unsigned char const*, int)>::operator()(Command, unsigned char const*, int) const
 .text._ZNSt8functionIFv7CommandPKhiEEC2ERKS4_
                0x0000000008009b02       0x52 CMakeFiles/robot-stm32f401.elf.dir/Src/comm/Telemetry.cpp.obj
                0x0000000008009b02                std::function<void (Command, unsigned char const*, int)>::function(std::function<void (Command, unsigned char const*, int)> const&)
                0x0000000008009b02                std::function<void (Command, unsigned char const*, int)>::function(std::function<void (Command, unsigned char const*, int)> const&)
 .text._ZNSt8functionIFv7CommandPKhiEE4swapERS4_
                0x0000000008009b54       0x42 CMakeFiles/robot-stm32f401.elf.dir/Src/comm/Telemetry.cpp.obj
                0x0000000008009b54                std::function<void (Command, unsigned char const*, int)>::swap(std::function<void (Command, unsigned char const*, int)>&)
 .text._ZSt7forwardIiEOT_RNSt16remove_referenceIS0_E4typeE
                0x0000000008009b96       0x14 CMakeFiles/robot-stm32f401.elf.dir/Src/comm/Telemetry.cpp.obj
                0x0000000008009b96                int&& std::forward<int>(std::remove_reference<int>::type&)
 .text._ZSt7forwardI7CommandEOT_RNSt16remove_referenceIS1_E4typeE
                0x0000000008009baa       0x14 CMakeFiles/robot-stm32f401.elf.dir/Src/comm/Telemetry.cpp.obj
                0x0000000008009baa                Command&& std::forward<Command>(std::remove_reference<Command>::type&)
 .text._ZSt7forwardIPKhEOT_RNSt16remove_referenceIS2_E4typeE
                0x0000000008009bbe       0x14 CMakeFiles/robot-stm32f401.elf.dir/Src/comm/Telemetry.cpp.obj
                0x0000000008009bbe                unsigned char const*&& std::forward<unsigned char const*>(std::remove_reference<unsigned char const*>::type&)
 .text._ZNKSt8functionIFv7CommandPKhiEEcvbEv
                0x0000000008009bd2       0x20 CMakeFiles/robot-stm32f401.elf.dir/Src/comm/Telemetry.cpp.obj
                0x0000000008009bd2                std::function<void (Command, unsigned char const*, int)>::operator bool() const
 .text._ZSt4moveIRSt9_Any_dataEONSt16remove_referenceIT_E4typeEOS3_
                0x0000000008009bf2       0x14 CMakeFiles/robot-stm32f401.elf.dir/Src/comm/Telemetry.cpp.obj
                0x0000000008009bf2                std::remove_reference<std::_Any_data&>::type&& std::move<std::_Any_data&>(std::_Any_data&)
 .text._ZSt4swapISt9_Any_dataENSt9enable_ifIXsrSt6__and_IJSt6__not_ISt15__is_tuple_likeIT_EESt21is_move_constructibleIS5_ESt18is_move_assignableIS5_EEE5valueEvE4typeERS5_SF_
                0x0000000008009c06       0x4e CMakeFiles/robot-stm32f401.elf.dir/Src/comm/Telemetry.cpp.obj
                0x0000000008009c06                std::enable_if<std::__and_<std::__not_<std::__is_tuple_like<std::_Any_data> >, std::is_move_constructible<std::_Any_data>, std::is_move_assignable<std::_Any_data> >::value, void>::type std::swap<std::_Any_data>(std::_Any_data&, std::_Any_data&)
 .text._ZSt4moveIRPFbRSt9_Any_dataRKS0_St18_Manager_operationEEONSt16remove_referenceIT_E4typeEOS9_
                0x0000000008009c54       0x14 CMakeFiles/robot-stm32f401.elf.dir/Src/comm/Telemetry.cpp.obj
                0x0000000008009c54                std::remove_reference<bool (*&)(std::_Any_data&, std::_Any_data const&, std::_Manager_operation)>::type&& std::move<bool (*&)(std::_Any_data&, std::_Any_data const&, std::_Manager_operation)>(bool (*&)(std::_Any_data&, std::_Any_data const&, std::_Manager_operation))
 .text._ZSt4swapIPFbRSt9_Any_dataRKS0_St18_Manager_operationEENSt9enable_ifIXsrSt6__and_IJSt6__not_ISt15__is_tuple_likeIT_EESt21is_move_constructibleISB_ESt18is_move_assignableISB_EEE5valueEvE4typeERSB_SL_
                0x0000000008009c68       0x3e CMakeFiles/robot-stm32f401.elf.dir/Src/comm/Telemetry.cpp.obj
                0x0000000008009c68                std::enable_if<std::__and_<std::__not_<std::__is_tuple_like<bool (*)(std::_Any_data&, std::_Any_data const&, std::_Manager_operation)> >, std::is_move_constructible<bool (*)(std::_Any_data&, std::_Any_data const&, std::_Manager_operation)>, std::is_move_assignable<bool (*)(std::_Any_data&, std::_Any_data const&, std::_Manager_operation)> >::value, void>::type std::swap<bool (*)(std::_Any_data&, std::_Any_data const&, std::_Manager_operation)>(bool (*&)(std::_Any_data&, std::_Any_data const&, std::_Manager_operation), bool (*&)(std::_Any_data&, std::_Any_data const&, std::_Manager_operation))
 .text._ZSt4moveIRPFvRKSt9_Any_dataO7CommandOPKhOiEEONSt16remove_referenceIT_E4typeEOSD_
                0x0000000008009ca6       0x14 CMakeFiles/robot-stm32f401.elf.dir/Src/comm/Telemetry.cpp.obj
                0x0000000008009ca6                std::remove_reference<void (*&)(std::_Any_data const&, Command&&, unsigned char const*&&, int&&)>::type&& std::move<void (*&)(std::_Any_data const&, Command&&, unsigned char const*&&, int&&)>(void (*&)(std::_Any_data const&, Command&&, unsigned char const*&&, int&&))
 .text._ZSt4swapIPFvRKSt9_Any_dataO7CommandOPKhOiEENSt9enable_ifIXsrSt6__and_IJSt6__not_ISt15__is_tuple_likeIT_EESt21is_move_constructibleISF_ESt18is_move_assignableISF_EEE5valueEvE4typeERSF_SP_
                0x0000000008009cba       0x3e CMakeFiles/robot-stm32f401.elf.dir/Src/comm/Telemetry.cpp.obj
                0x0000000008009cba                std::enable_if<std::__and_<std::__not_<std::__is_tuple_like<void (*)(std::_Any_data const&, Command&&, unsigned char const*&&, int&&)> >, std::is_move_constructible<void (*)(std::_Any_data const&, Command&&, unsigned char const*&&, int&&)>, std::is_move_assignable<void (*)(std::_Any_data const&, Command&&, unsigned char const*&&, int&&)> >::value, void>::type std::swap<void (*)(std::_Any_data const&, Command&&, unsigned char const*&&, int&&)>(void (*&)(std::_Any_data const&, Command&&, unsigned char const*&&, int&&), void (*&)(std::_Any_data const&, Command&&, unsigned char const*&&, int&&))
 .text.USBH_CDC_TransmitCallback
                0x0000000008009cf8       0x1c CMakeFiles/robot-stm32f401.elf.dir/Src/comm/usb/usb_host.cpp.obj
                0x0000000008009cf8                USBH_CDC_TransmitCallback
 .text.USBH_CDC_ReceiveCallback
                0x0000000008009d14       0x1c CMakeFiles/robot-stm32f401.elf.dir/Src/comm/usb/usb_host.cpp.obj
                0x0000000008009d14                USBH_CDC_ReceiveCallback
 .text.MX_USB_HOST_Init
                0x0000000008009d30       0x2c CMakeFiles/robot-stm32f401.elf.dir/Src/comm/usb/usb_host.cpp.obj
                0x0000000008009d30                MX_USB_HOST_Init
 .text.MX_USB_HOST_Process
                0x0000000008009d5c       0x14 CMakeFiles/robot-stm32f401.elf.dir/Src/comm/usb/usb_host.cpp.obj
                0x0000000008009d5c                MX_USB_HOST_Process
 .text._ZL16USBH_UserProcessP19_USBH_HandleTypeDefh
                0x0000000008009d70       0x58 CMakeFiles/robot-stm32f401.elf.dir/Src/comm/usb/usb_host.cpp.obj
 .text.usb_transmit_bytes
                0x0000000008009dc8       0x24 CMakeFiles/robot-stm32f401.elf.dir/Src/comm/usb/usb_host.cpp.obj
                0x0000000008009dc8                usb_transmit_bytes
 .text.usb_receive_bytes
                0x0000000008009dec       0x24 CMakeFiles/robot-stm32f401.elf.dir/Src/comm/usb/usb_host.cpp.obj
                0x0000000008009dec                usb_receive_bytes
 .text.registerRxCallback
                0x0000000008009e10       0x1c CMakeFiles/robot-stm32f401.elf.dir/Src/comm/usb/usb_host.cpp.obj
                0x0000000008009e10                registerRxCallback
 .text.registerTxCallback
                0x0000000008009e2c       0x1c CMakeFiles/robot-stm32f401.elf.dir/Src/comm/usb/usb_host.cpp.obj
                0x0000000008009e2c                registerTxCallback
 .text._ZNSt8functionIFvvEEC2Ev
                0x0000000008009e48       0x1a CMakeFiles/robot-stm32f401.elf.dir/Src/comm/usb/usb_host.cpp.obj
                0x0000000008009e48                std::function<void ()>::function()
                0x0000000008009e48                std::function<void ()>::function()
 .text._ZNKSt8functionIFvvEEclEv
                0x0000000008009e62       0x2c CMakeFiles/robot-stm32f401.elf.dir/Src/comm/usb/usb_host.cpp.obj
                0x0000000008009e62                std::function<void ()>::operator()() const
 .text._ZNSt8functionIFvvEED2Ev
                0x0000000008009e8e       0x1a CMakeFiles/robot-stm32f401.elf.dir/Src/comm/usb/usb_host.cpp.obj
                0x0000000008009e8e                std::function<void ()>::~function()
                0x0000000008009e8e                std::function<void ()>::~function()
 .text._ZNSt8functionIFvvEEaSERKS1_
                0x0000000008009ea8       0x36 CMakeFiles/robot-stm32f401.elf.dir/Src/comm/usb/usb_host.cpp.obj
                0x0000000008009ea8                std::function<void ()>::operator=(std::function<void ()> const&)
 .text._ZNSt8functionIFvvEEC2ERKS1_
                0x0000000008009ede       0x52 CMakeFiles/robot-stm32f401.elf.dir/Src/comm/usb/usb_host.cpp.obj
                0x0000000008009ede                std::function<void ()>::function(std::function<void ()> const&)
                0x0000000008009ede                std::function<void ()>::function(std::function<void ()> const&)
 .text._ZNSt8functionIFvvEE4swapERS1_
                0x0000000008009f30       0x42 CMakeFiles/robot-stm32f401.elf.dir/Src/comm/usb/usb_host.cpp.obj
                0x0000000008009f30                std::function<void ()>::swap(std::function<void ()>&)
 .text._ZNKSt8functionIFvvEEcvbEv
                0x0000000008009f72       0x20 CMakeFiles/robot-stm32f401.elf.dir/Src/comm/usb/usb_host.cpp.obj
                0x0000000008009f72                std::function<void ()>::operator bool() const
 .text._ZSt4moveIRPFvRKSt9_Any_dataEEONSt16remove_referenceIT_E4typeEOS7_
                0x0000000008009f92       0x14 CMakeFiles/robot-stm32f401.elf.dir/Src/comm/usb/usb_host.cpp.obj
                0x0000000008009f92                std::remove_reference<void (*&)(std::_Any_data const&)>::type&& std::move<void (*&)(std::_Any_data const&)>(void (*&)(std::_Any_data const&))
 .text._ZSt4swapIPFvRKSt9_Any_dataEENSt9enable_ifIXsrSt6__and_IJSt6__not_ISt15__is_tuple_likeIT_EESt21is_move_constructibleIS9_ESt18is_move_assignableIS9_EEE5valueEvE4typeERS9_SJ_
                0x0000000008009fa6       0x3e CMakeFiles/robot-stm32f401.elf.dir/Src/comm/usb/usb_host.cpp.obj
                0x0000000008009fa6                std::enable_if<std::__and_<std::__not_<std::__is_tuple_like<void (*)(std::_Any_data const&)> >, std::is_move_constructible<void (*)(std::_Any_data const&)>, std::is_move_assignable<void (*)(std::_Any_data const&)> >::value, void>::type std::swap<void (*)(std::_Any_data const&)>(void (*&)(std::_Any_data const&), void (*&)(std::_Any_data const&))
 .text._Z41__static_initialization_and_destruction_0ii
                0x0000000008009fe4       0x54 CMakeFiles/robot-stm32f401.elf.dir/Src/comm/usb/usb_host.cpp.obj
 .text._GLOBAL__sub_I_rxCallback
                0x000000000800a038       0x10 CMakeFiles/robot-stm32f401.elf.dir/Src/comm/usb/usb_host.cpp.obj
 .text.HAL_HCD_MspInit
                0x000000000800a048       0x7c CMakeFiles/robot-stm32f401.elf.dir/Src/comm/usb/usbh_conf.cpp.obj
                0x000000000800a048                HAL_HCD_MspInit
 .text.HAL_HCD_SOF_Callback
                0x000000000800a0c4       0x1c CMakeFiles/robot-stm32f401.elf.dir/Src/comm/usb/usbh_conf.cpp.obj
                0x000000000800a0c4                HAL_HCD_SOF_Callback
 .text.HAL_HCD_Connect_Callback
                0x000000000800a0e0       0x1c CMakeFiles/robot-stm32f401.elf.dir/Src/comm/usb/usbh_conf.cpp.obj
                0x000000000800a0e0                HAL_HCD_Connect_Callback
 .text.HAL_HCD_Disconnect_Callback
                0x000000000800a0fc       0x1c CMakeFiles/robot-stm32f401.elf.dir/Src/comm/usb/usbh_conf.cpp.obj
                0x000000000800a0fc                HAL_HCD_Disconnect_Callback
 .text.HAL_HCD_HC_NotifyURBChange_Callback
                0x000000000800a118       0x1a CMakeFiles/robot-stm32f401.elf.dir/Src/comm/usb/usbh_conf.cpp.obj
                0x000000000800a118                HAL_HCD_HC_NotifyURBChange_Callback
 *fill*         0x000000000800a132        0x2 
 .text.USBH_LL_Init
                0x000000000800a134       0x88 CMakeFiles/robot-stm32f401.elf.dir/Src/comm/usb/usbh_conf.cpp.obj
                0x000000000800a134                USBH_LL_Init
 .text.USBH_LL_Start
                0x000000000800a1bc       0x64 CMakeFiles/robot-stm32f401.elf.dir/Src/comm/usb/usbh_conf.cpp.obj
                0x000000000800a1bc                USBH_LL_Start
 .text.USBH_LL_Stop
                0x000000000800a220       0x64 CMakeFiles/robot-stm32f401.elf.dir/Src/comm/usb/usbh_conf.cpp.obj
                0x000000000800a220                USBH_LL_Stop
 .text.USBH_LL_GetSpeed
                0x000000000800a284       0x4a CMakeFiles/robot-stm32f401.elf.dir/Src/comm/usb/usbh_conf.cpp.obj
                0x000000000800a284                USBH_LL_GetSpeed
 *fill*         0x000000000800a2ce        0x2 
 .text.USBH_LL_ResetPort
                0x000000000800a2d0       0x64 CMakeFiles/robot-stm32f401.elf.dir/Src/comm/usb/usbh_conf.cpp.obj
                0x000000000800a2d0                USBH_LL_ResetPort
 .text.USBH_LL_GetLastXferSize
                0x000000000800a334       0x26 CMakeFiles/robot-stm32f401.elf.dir/Src/comm/usb/usbh_conf.cpp.obj
                0x000000000800a334                USBH_LL_GetLastXferSize
 *fill*         0x000000000800a35a        0x2 
 .text.USBH_LL_OpenPipe
                0x000000000800a35c       0x8c CMakeFiles/robot-stm32f401.elf.dir/Src/comm/usb/usbh_conf.cpp.obj
                0x000000000800a35c                USBH_LL_OpenPipe
 .text.USBH_LL_ClosePipe
                0x000000000800a3e8       0x6c CMakeFiles/robot-stm32f401.elf.dir/Src/comm/usb/usbh_conf.cpp.obj
                0x000000000800a3e8                USBH_LL_ClosePipe
 .text.USBH_LL_SubmitURB
                0x000000000800a454       0x90 CMakeFiles/robot-stm32f401.elf.dir/Src/comm/usb/usbh_conf.cpp.obj
                0x000000000800a454                USBH_LL_SubmitURB
 .text.USBH_LL_GetURBState
                0x000000000800a4e4       0x26 CMakeFiles/robot-stm32f401.elf.dir/Src/comm/usb/usbh_conf.cpp.obj
                0x000000000800a4e4                USBH_LL_GetURBState
 .text.USBH_LL_DriverVBUS
                0x000000000800a50a       0x2e CMakeFiles/robot-stm32f401.elf.dir/Src/comm/usb/usbh_conf.cpp.obj
                0x000000000800a50a                USBH_LL_DriverVBUS
 .text.USBH_LL_SetToggle
                0x000000000800a538       0x64 CMakeFiles/robot-stm32f401.elf.dir/Src/comm/usb/usbh_conf.cpp.obj
                0x000000000800a538                USBH_LL_SetToggle
 .text.USBH_Delay
                0x000000000800a59c       0x16 CMakeFiles/robot-stm32f401.elf.dir/Src/comm/usb/usbh_conf.cpp.obj
                0x000000000800a59c                USBH_Delay
 *fill*         0x000000000800a5b2        0x2 
 .text.MX_DriverVbusFS
                0x000000000800a5b4       0x38 CMakeFiles/robot-stm32f401.elf.dir/Src/comm/usb/usbh_platform.cpp.obj
                0x000000000800a5b4                MX_DriverVbusFS
 .text._ZN18ChecksumCalculatorC2EP17CRC_HandleTypeDef
                0x000000000800a5ec       0x16 CMakeFiles/robot-stm32f401.elf.dir/Src/hal2/ChecksumCalculator.cpp.obj
                0x000000000800a5ec                ChecksumCalculator::ChecksumCalculator(CRC_HandleTypeDef*)
                0x000000000800a5ec                ChecksumCalculator::ChecksumCalculator(CRC_HandleTypeDef*)
 .text._ZN18ChecksumCalculator15computeChecksumEPmi
                0x000000000800a602       0x18 CMakeFiles/robot-stm32f401.elf.dir/Src/hal2/ChecksumCalculator.cpp.obj
                0x000000000800a602                ChecksumCalculator::computeChecksum(unsigned long*, int)
 .text._ZN20SerialCommunicationsC2EP18UART_HandleTypeDef
                0x000000000800a61a       0x1c CMakeFiles/robot-stm32f401.elf.dir/Src/hal2/SerialCommunications.cpp.obj
                0x000000000800a61a                SerialCommunications::SerialCommunications(UART_HandleTypeDef*)
                0x000000000800a61a                SerialCommunications::SerialCommunications(UART_HandleTypeDef*)
 .text._ZN20SerialCommunications13transmitBytesEPKhii
                0x000000000800a636       0x28 CMakeFiles/robot-stm32f401.elf.dir/Src/hal2/SerialCommunications.cpp.obj
                0x000000000800a636                SerialCommunications::transmitBytes(unsigned char const*, int, int)
 .text._ZN20SerialCommunications12receiveBytesEPht
                0x000000000800a65e       0x26 CMakeFiles/robot-stm32f401.elf.dir/Src/hal2/SerialCommunications.cpp.obj
                0x000000000800a65e                SerialCommunications::receiveBytes(unsigned char*, unsigned short)
 .text._ZnwjPv  0x000000000800a684       0x16 CMakeFiles/robot-stm32f401.elf.dir/Src/main.cpp.obj
                0x000000000800a684                operator new(unsigned int, void*)
 *fill*         0x000000000800a69a        0x2 
 .text._ZNSt7__cxx114stofERKNS_12basic_stringIcSt11char_traitsIcESaIcEEEPj
                0x000000000800a69c       0x30 CMakeFiles/robot-stm32f401.elf.dir/Src/main.cpp.obj
                0x000000000800a69c                std::__cxx11::stof(std::__cxx11::basic_string<char, std::char_traits<char>, std::allocator<char> > const&, unsigned int*)
 .text._ZNSt9_Any_data9_M_accessEv
                0x000000000800a6cc       0x14 CMakeFiles/robot-stm32f401.elf.dir/Src/main.cpp.obj
                0x000000000800a6cc                std::_Any_data::_M_access()
 .text._ZNKSt9_Any_data9_M_accessEv
                0x000000000800a6e0       0x14 CMakeFiles/robot-stm32f401.elf.dir/Src/main.cpp.obj
                0x000000000800a6e0                std::_Any_data::_M_access() const
 .text._ZNKUl7CommandPKhiE_clES_S1_i
                0x000000000800a6f4      0x17c CMakeFiles/robot-stm32f401.elf.dir/Src/main.cpp.obj
 .text._ZNKUlPKciE0_clES0_i
                0x000000000800a870       0x28 CMakeFiles/robot-stm32f401.elf.dir/Src/main.cpp.obj
 .text._ZNSt8functionIFvPKciEED2Ev
                0x000000000800a898       0x1a CMakeFiles/robot-stm32f401.elf.dir/Src/main.cpp.obj
                0x000000000800a898                std::function<void (char const*, int)>::~function()
                0x000000000800a898                std::function<void (char const*, int)>::~function()
 .text._ZN10RobotStateC2Ev
                0x000000000800a8b2       0x2a CMakeFiles/robot-stm32f401.elf.dir/Src/main.cpp.obj
                0x000000000800a8b2                RobotState::RobotState()
                0x000000000800a8b2                RobotState::RobotState()
 .text.schedulerTick
                0x000000000800a8dc       0xc8 CMakeFiles/robot-stm32f401.elf.dir/Src/main.cpp.obj
                0x000000000800a8dc                schedulerTick
 .text.handleRxCallback
                0x000000000800a9a4       0x38 CMakeFiles/robot-stm32f401.elf.dir/Src/main.cpp.obj
                0x000000000800a9a4                handleRxCallback
 .text.main     0x000000000800a9dc       0xb4 CMakeFiles/robot-stm32f401.elf.dir/Src/main.cpp.obj
                0x000000000800a9dc                main
 .text._Z18SystemClock_Configv
                0x000000000800aa90      0x104 CMakeFiles/robot-stm32f401.elf.dir/Src/main.cpp.obj
                0x000000000800aa90                SystemClock_Config()
 .text._ZL12MX_ADC1_Initv
                0x000000000800ab94       0xb8 CMakeFiles/robot-stm32f401.elf.dir/Src/main.cpp.obj
 .text._ZL11MX_CRC_Initv
                0x000000000800ac4c       0x3c CMakeFiles/robot-stm32f401.elf.dir/Src/main.cpp.obj
 .text._ZL12MX_SPI2_Initv
                0x000000000800ac88       0x80 CMakeFiles/robot-stm32f401.elf.dir/Src/main.cpp.obj
 .text._ZL12MX_TIM2_Initv
                0x000000000800ad08      0x144 CMakeFiles/robot-stm32f401.elf.dir/Src/main.cpp.obj
 .text._ZL13MX_TIM10_Initv
                0x000000000800ae4c       0x54 CMakeFiles/robot-stm32f401.elf.dir/Src/main.cpp.obj
 .text._ZL19MX_USART1_UART_Initv
                0x000000000800aea0       0x68 CMakeFiles/robot-stm32f401.elf.dir/Src/main.cpp.obj
 .text._ZL19MX_USART6_UART_Initv
                0x000000000800af08       0x68 CMakeFiles/robot-stm32f401.elf.dir/Src/main.cpp.obj
 .text._ZL12MX_GPIO_Initv
                0x000000000800af70      0x160 CMakeFiles/robot-stm32f401.elf.dir/Src/main.cpp.obj
 .text._Error_Handler
                0x000000000800b0d0        0xc CMakeFiles/robot-stm32f401.elf.dir/Src/main.cpp.obj
                0x000000000800b0d0                _Error_Handler
 .text._ZZN9__gnu_cxx6__stoaIffcJEEET0_PFT_PKT1_PPS3_DpT2_EPKcS5_PjS9_EN11_Save_errnoC2Ev
                0x000000000800b0dc       0x28 CMakeFiles/robot-stm32f401.elf.dir/Src/main.cpp.obj
                0x000000000800b0dc                __gnu_cxx::__stoa<float, float, char>(float (*)(char const*, char**), char const*, char const*, unsigned int*)::_Save_errno::_Save_errno()
                0x000000000800b0dc                __gnu_cxx::__stoa<float, float, char>(float (*)(char const*, char**), char const*, char const*, unsigned int*)::_Save_errno::_Save_errno()
 .text._ZZN9__gnu_cxx6__stoaIffcJEEET0_PFT_PKT1_PPS3_DpT2_EPKcS5_PjS9_EN11_Save_errnoD2Ev
                0x000000000800b104       0x34 CMakeFiles/robot-stm32f401.elf.dir/Src/main.cpp.obj
                0x000000000800b104                __gnu_cxx::__stoa<float, float, char>(float (*)(char const*, char**), char const*, char const*, unsigned int*)::_Save_errno::~_Save_errno()
                0x000000000800b104                __gnu_cxx::__stoa<float, float, char>(float (*)(char const*, char**), char const*, char const*, unsigned int*)::_Save_errno::~_Save_errno()
 .text._ZZN9__gnu_cxx6__stoaIffcJEEET0_PFT_PKT1_PPS3_DpT2_EPKcS5_PjS9_EN10_Range_chk6_S_chkEfSt17integral_constantIbLb0EE
                0x000000000800b138       0x16 CMakeFiles/robot-stm32f401.elf.dir/Src/main.cpp.obj
                0x000000000800b138                __gnu_cxx::__stoa<float, float, char>(float (*)(char const*, char**), char const*, char const*, unsigned int*)::_Range_chk::_S_chk(float, std::integral_constant<bool, false>)
 .text._ZN9__gnu_cxx6__stoaIffcJEEET0_PFT_PKT1_PPS3_DpT2_EPKcS5_PjS9_
                0x000000000800b14e       0x9e CMakeFiles/robot-stm32f401.elf.dir/Src/main.cpp.obj
                0x000000000800b14e                float __gnu_cxx::__stoa<float, float, char>(float (*)(char const*, char**), char const*, char const*, unsigned int*)
 .text._ZNSt8functionIFv7CommandPKhiEEC2IUlS0_S2_iE_vvEET_
                0x000000000800b1ec       0x60 CMakeFiles/robot-stm32f401.elf.dir/Src/main.cpp.obj
 .text._ZNSt8functionIFvPKciEEC2IUlS1_iE0_vvEET_
                0x000000000800b24c       0x60 CMakeFiles/robot-stm32f401.elf.dir/Src/main.cpp.obj
 .text._ZNSt14_Function_base13_Base_managerIUl7CommandPKhiE_E21_M_not_empty_functionIS4_EEbRKT_
                0x000000000800b2ac       0x14 CMakeFiles/robot-stm32f401.elf.dir/Src/main.cpp.obj
 .text._ZSt4moveIRUl7CommandPKhiE_EONSt16remove_referenceIT_E4typeEOS6_
                0x000000000800b2c0       0x14 CMakeFiles/robot-stm32f401.elf.dir/Src/main.cpp.obj
 .text._ZNSt14_Function_base13_Base_managerIUl7CommandPKhiE_E15_M_init_functorERSt9_Any_dataOS4_
                0x000000000800b2d4       0x24 CMakeFiles/robot-stm32f401.elf.dir/Src/main.cpp.obj
 .text._ZNSt17_Function_handlerIFv7CommandPKhiEUlS0_S2_iE_E9_M_invokeERKSt9_Any_dataOS0_OS2_Oi
                0x000000000800b2f8       0x48 CMakeFiles/robot-stm32f401.elf.dir/Src/main.cpp.obj
 .text._ZNSt14_Function_base13_Base_managerIUl7CommandPKhiE_E10_M_managerERSt9_Any_dataRKS6_St18_Manager_operation
                0x000000000800b340       0x74 CMakeFiles/robot-stm32f401.elf.dir/Src/main.cpp.obj
 .text._ZNSt14_Function_base13_Base_managerIUlPKciE0_E21_M_not_empty_functionIS3_EEbRKT_
                0x000000000800b3b4       0x14 CMakeFiles/robot-stm32f401.elf.dir/Src/main.cpp.obj
 .text._ZSt4moveIRUlPKciE0_EONSt16remove_referenceIT_E4typeEOS5_
                0x000000000800b3c8       0x14 CMakeFiles/robot-stm32f401.elf.dir/Src/main.cpp.obj
 .text._ZNSt14_Function_base13_Base_managerIUlPKciE0_E15_M_init_functorERSt9_Any_dataOS3_
                0x000000000800b3dc       0x24 CMakeFiles/robot-stm32f401.elf.dir/Src/main.cpp.obj
 .text._ZNSt17_Function_handlerIFvPKciEUlS1_iE0_E9_M_invokeERKSt9_Any_dataOS1_Oi
                0x000000000800b400       0x3a CMakeFiles/robot-stm32f401.elf.dir/Src/main.cpp.obj
 *fill*         0x000000000800b43a        0x2 
 .text._ZNSt14_Function_base13_Base_managerIUlPKciE0_E10_M_managerERSt9_Any_dataRKS5_St18_Manager_operation
                0x000000000800b43c       0x74 CMakeFiles/robot-stm32f401.elf.dir/Src/main.cpp.obj
 .text._ZNSt14_Function_base13_Base_managerIUl7CommandPKhiE_E15_M_init_functorERSt9_Any_dataOS4_St17integral_constantIbLb1EE
                0x000000000800b4b0       0x2e CMakeFiles/robot-stm32f401.elf.dir/Src/main.cpp.obj
 .text._ZNSt14_Function_base13_Base_managerIUl7CommandPKhiE_E14_M_get_pointerERKSt9_Any_data
                0x000000000800b4de       0x22 CMakeFiles/robot-stm32f401.elf.dir/Src/main.cpp.obj
 .text._ZNSt9_Any_data9_M_accessIPKSt9type_infoEERT_v
                0x000000000800b500       0x18 CMakeFiles/robot-stm32f401.elf.dir/Src/main.cpp.obj
                0x000000000800b500                std::type_info const*& std::_Any_data::_M_access<std::type_info const*>()
 .text._ZNSt9_Any_data9_M_accessIPUl7CommandPKhiE_EERT_v
                0x000000000800b518       0x18 CMakeFiles/robot-stm32f401.elf.dir/Src/main.cpp.obj
 .text._ZNSt14_Function_base13_Base_managerIUl7CommandPKhiE_E8_M_cloneERSt9_Any_dataRKS6_St17integral_constantIbLb1EE
                0x000000000800b530       0x2e CMakeFiles/robot-stm32f401.elf.dir/Src/main.cpp.obj
 .text._ZNSt14_Function_base13_Base_managerIUl7CommandPKhiE_E10_M_destroyERSt9_Any_dataSt17integral_constantIbLb1EE
                0x000000000800b55e       0x18 CMakeFiles/robot-stm32f401.elf.dir/Src/main.cpp.obj
 .text._ZNSt14_Function_base13_Base_managerIUlPKciE0_E15_M_init_functorERSt9_Any_dataOS3_St17integral_constantIbLb1EE
                0x000000000800b576       0x2e CMakeFiles/robot-stm32f401.elf.dir/Src/main.cpp.obj
 .text._ZNSt14_Function_base13_Base_managerIUlPKciE0_E14_M_get_pointerERKSt9_Any_data
                0x000000000800b5a4       0x22 CMakeFiles/robot-stm32f401.elf.dir/Src/main.cpp.obj
 .text._ZSt7forwardIPKcEOT_RNSt16remove_referenceIS2_E4typeE
                0x000000000800b5c6       0x14 CMakeFiles/robot-stm32f401.elf.dir/Src/main.cpp.obj
                0x000000000800b5c6                char const*&& std::forward<char const*>(std::remove_reference<char const*>::type&)
 .text._ZNSt9_Any_data9_M_accessIPUlPKciE0_EERT_v
                0x000000000800b5da       0x18 CMakeFiles/robot-stm32f401.elf.dir/Src/main.cpp.obj
 .text._ZNSt14_Function_base13_Base_managerIUlPKciE0_E8_M_cloneERSt9_Any_dataRKS5_St17integral_constantIbLb1EE
                0x000000000800b5f2       0x2e CMakeFiles/robot-stm32f401.elf.dir/Src/main.cpp.obj
 .text._ZNSt14_Function_base13_Base_managerIUlPKciE0_E10_M_destroyERSt9_Any_dataSt17integral_constantIbLb1EE
                0x000000000800b620       0x18 CMakeFiles/robot-stm32f401.elf.dir/Src/main.cpp.obj
 .text._ZNKSt9_Any_data9_M_accessIUl7CommandPKhiE_EERKT_v
                0x000000000800b638       0x18 CMakeFiles/robot-stm32f401.elf.dir/Src/main.cpp.obj
 .text._ZSt11__addressofIKUl7CommandPKhiE_EPT_RS5_
                0x000000000800b650       0x14 CMakeFiles/robot-stm32f401.elf.dir/Src/main.cpp.obj
 .text._ZNSt9_Any_data9_M_accessIUl7CommandPKhiE_EERT_v
                0x000000000800b664       0x18 CMakeFiles/robot-stm32f401.elf.dir/Src/main.cpp.obj
 .text._ZNKSt9_Any_data9_M_accessIUlPKciE0_EERKT_v
                0x000000000800b67c       0x18 CMakeFiles/robot-stm32f401.elf.dir/Src/main.cpp.obj
 .text._ZSt11__addressofIKUlPKciE0_EPT_RS4_
                0x000000000800b694       0x14 CMakeFiles/robot-stm32f401.elf.dir/Src/main.cpp.obj
 .text._ZNSt9_Any_data9_M_accessIUlPKciE0_EERT_v
                0x000000000800b6a8       0x18 CMakeFiles/robot-stm32f401.elf.dir/Src/main.cpp.obj
 .text._Z41__static_initialization_and_destruction_0ii
                0x000000000800b6c0      0x180 CMakeFiles/robot-stm32f401.elf.dir/Src/main.cpp.obj
 .text._GLOBAL__sub_I_hadc1
                0x000000000800b840       0x10 CMakeFiles/robot-stm32f401.elf.dir/Src/main.cpp.obj
 .text._ZN5MotorC2EP12GPIO_TypeDeftS1_tP17TIM_HandleTypeDeftm
                0x000000000800b850       0x52 CMakeFiles/robot-stm32f401.elf.dir/Src/motion/Motor.cpp.obj
                0x000000000800b850                Motor::Motor(GPIO_TypeDef*, unsigned short, GPIO_TypeDef*, unsigned short, TIM_HandleTypeDef*, unsigned short, unsigned long)
                0x000000000800b850                Motor::Motor(GPIO_TypeDef*, unsigned short, GPIO_TypeDef*, unsigned short, TIM_HandleTypeDef*, unsigned short, unsigned long)
 *fill*         0x000000000800b8a2        0x2 
 .text._ZN5Motor12compute_dutyEi
                0x000000000800b8a4       0x5c CMakeFiles/robot-stm32f401.elf.dir/Src/motion/Motor.cpp.obj
                0x000000000800b8a4                Motor::compute_duty(int)
 .text._ZN5Motor7setDutyEi
                0x000000000800b900       0x5e CMakeFiles/robot-stm32f401.elf.dir/Src/motion/Motor.cpp.obj
                0x000000000800b900                Motor::setDuty(int)
 .text._ZN5Motor3_a1E13GPIO_PinState
                0x000000000800b95e       0x24 CMakeFiles/robot-stm32f401.elf.dir/Src/motion/Motor.cpp.obj
                0x000000000800b95e                Motor::_a1(GPIO_PinState)
 .text._ZN5Motor3_a2E13GPIO_PinState
                0x000000000800b982       0x24 CMakeFiles/robot-stm32f401.elf.dir/Src/motion/Motor.cpp.obj
                0x000000000800b982                Motor::_a2(GPIO_PinState)
 .text._ZN5Motor3runEb
                0x000000000800b9a6       0x3c CMakeFiles/robot-stm32f401.elf.dir/Src/motion/Motor.cpp.obj
                0x000000000800b9a6                Motor::run(bool)
 .text._ZN5Motor4stopEv
                0x000000000800b9e2       0x20 CMakeFiles/robot-stm32f401.elf.dir/Src/motion/Motor.cpp.obj
                0x000000000800b9e2                Motor::stop()
 *fill*         0x000000000800ba02        0x2 
 .text._ZN11PathPlannerC2EP9TelemetryP5MotorS3_
                0x000000000800ba04       0x3c CMakeFiles/robot-stm32f401.elf.dir/Src/motion/PathPlanner.cpp.obj
                0x000000000800ba04                PathPlanner::PathPlanner(Telemetry*, Motor*, Motor*)
                0x000000000800ba04                PathPlanner::PathPlanner(Telemetry*, Motor*, Motor*)
 .text._ZN11PathPlanner4initEv
                0x000000000800ba40       0x12 CMakeFiles/robot-stm32f401.elf.dir/Src/motion/PathPlanner.cpp.obj